Market_Hotness.csv
month_date_yyyymm,postal_code,zip_name,nielsen_hh_rank,hotness_rank,hotness_rank_mm,hotness_rank_yy,hotness_score,supply_score,demand_score,median_days_on_market,median_days_on_market_mm,median_dom_mm_day,median_days_on_market_yy,median_dom_yy_day,median_dom_vs_us,ldp_unique_viewers_per_property_mm,ldp_unique_viewers_per_property_yy,ldp_unique_viewers_per_property_vs_us,median_listing_price,median_listing_price_mm,median_listing_price_yy,median_listing_price_vs_us
202101,28211,"charlotte, nc",2613,8124,-213,-1502,49.258684,51.95420144,46.56316709,74,0.04964539,3.5,-0.26,-26,-2,0.31147541,0.632653061,0.9302,892200,0.123041098,0.019657143,2.5778
202101,28209,"charlotte, nc",3826,8426,-3303,-3694,48.088492,53.91422472,42.26275956,72,0.411764706,21,-0.269035533,-26.5,-4,0.193548387,0.088235294,0.8605,554000,0.030697674,-0.06252644,1.6006
202101,28205,"charlotte, nc",630,8890,-184,-1934,46.219678,50.14942752,42.2899282,77,0.25203252,15.5,-0.055214724,-4.5,1,0.644444444,1.114285714,0.8605,453208,0.013668175,0.035495719,1.3094
202101,28202,"charlotte, nc",7277,9140,-55,-4579,44.985445,69.06268193,20.90820881,56,-0.026086957,-1.5,-0.337278107,-28.5,-20,0.210526316,-0.148148148,0.5349,439000,0.064242424,0.204554809,1.2684
202101,28207,"charlotte, nc",9623,11845,20,-7183,31.486513,17.81874636,45.15427906,146,0.114503817,15,0.474747475,47,70,0.5,0.114285714,0.907,1295000,-0.018939394,-0.040740741,3.7416
202012,28212,"charlotte, nc",1702,6,80,85,98.293568,97.44807351,99.13906262,15.5,-0.446428571,-12.5,-0.635294118,-27,-50.5,0.86381323,3.742574257,8.2586,255000,0.083062391,0.159090909,0.75
202012,28213,"charlotte, nc",1585,107,16,272,94.537101,90.42931048,98.64489229,34.5,0.169491525,5,-0.361111111,-19.5,-31.5,0.460869565,2.428571429,5.7931,242450,-0.010408163,0.065714286,0.7131
202012,28206,"charlotte, nc",8412,126,2543,1710,94.131727,94.57184773,93.69160683,26.5,-0.411111111,-18.5,-0.543103448,-31.5,-39.5,0.836956522,3.023809524,2.9138,314950,0.02439421,-0.14219725,0.9263
202012,28273,"charlotte, nc",1971,137,181,-82,93.87113,92.89630144,94.84595784,30.5,-0.075757576,-2.5,-0.207792208,-8,-35.5,0.089285714,0.989130435,3.1552,323990,-0.007277128,0.248756986,0.9529
202012,28269,"charlotte, nc",45,307,60,-44,91.220755,87.82333411,94.6181762,38,0.134328358,4.5,-0.173913043,-8,-28,0.111111111,1.5,3.1034,276500,-0.0125,0.069632495,0.8132
202012,28214,"charlotte, nc",2030,371,1231,-116,90.471778,88.1592155,92.78434098,37.5,-0.21875,-10.5,-0.175824176,-8,-28.5,-0.01242236,1.208333333,2.7414,290705,-0.013422249,0.237042553,0.855
202012,28216,"charlotte, nc",589,523,-155,-86,89.093506,83.41826886,94.76874373,42,0.292307692,9.5,-0.168316832,-8.5,-24,0.197368421,1.6,3.1379,267000,-0.050666667,0.037285963,0.7853
202012,28217,"charlotte, nc",4081,1172,-29,-1037,83.821713,91.57594008,76.06748514,33,-0.043478261,-1.5,-0.274725275,-12.5,-33,-0.078431373,-0.040816327,1.6207,285000,0.018038936,0.221079692,0.8382
202012,28215,"charlotte, nc",492,1341,-229,-389,82.760019,82.75036677,82.7696703,42.5,0.180555556,6.5,-0.15,-7.5,-23.5,0.018518519,1.244897959,1.8966,284905,0.003204282,0.202638244,0.838
202012,28262,"charlotte, nc",1328,1661,-788,-1488,80.737009,71.79368389,89.68033356,51.5,0.430555556,15.5,0.051020408,2.5,-14.5,0.15,-0.08,2.3793,328500,0.039721475,0.24549763,0.9662
202012,28277,"charlotte, nc",86,1757,158,248,80.208092,72.99436337,87.42182071,50.5,0.24691358,10,-0.257352941,-17.5,-15.5,0.322916667,1.396226415,2.1897,440304.5,-0.003198877,0.080634434,1.295
202012,28227,"charlotte, nc",482,1824,-746,-1514,79.769902,69.69345996,89.84634391,53,0.341772152,13.5,0.104166667,5,-13,0.0859375,0.878378378,2.3966,346400,-0.023744099,-0.008728001,1.0188
202012,28278,"charlotte, nc",5032,1959,-455,3278,78.907034,79.36066713,78.45340128,45.5,0.22972973,8.5,-0.473988439,-41,-20.5,0.03125,1.605263158,1.7069,420068,-0.003347735,0.077373686,1.2355
202012,28270,"charlotte, nc",2561,2887,-1727,-861,73.679639,59.94903868,87.41023859,60.5,0.657534247,24,-0.159722222,-11.5,-5.5,0.175925926,1.048387097,2.1897,577450,0.035877657,0.247326925,1.6984
202012,28210,"charlotte, nc",464,4356,-879,-1800,66.660876,63.70550537,69.61624585,57.5,0.337209302,14.5,-0.166666667,-11.5,-8.5,0.108108108,0.782608696,1.4138,439900,4.55E-04,0.066553522,1.2938
202012,28209,"charlotte, nc",3826,5123,1304,-1657,63.151494,72.34576481,53.95722338,51,0.03030303,1.5,-0.341935484,-26.5,-15,0.107142857,0.347826087,1.069,537500,-0.132644828,-0.101095409,1.5809
202012,28208,"charlotte, nc",2204,5322,498,-3153,62.257741,64.28461123,60.2308702,57,0.163265306,8,-0.155555556,-10.5,-9,0.15,0.38,1.1897,292495,-0.006791287,0.074065914,0.8603
202012,28203,"charlotte, nc",6166,6525,-1987,-2406,57.11335,68.24955602,45.97714462,54,0.402597403,15.5,-0.382857143,-33.5,-12,-0.035714286,0.08,0.931,602500,0.012605042,0.066371681,1.7721
202012,28226,"charlotte, nc",1124,6596,310,-4260,56.808355,35.56096054,78.05574859,87.5,0.296296296,20,0.315789474,21,21.5,0.342465753,1.130434783,1.6897,820100,0.045445854,0.536487119,2.4121
202012,28204,"charlotte, nc",10785,7542,3308,-6674,52.866574,50.10423905,55.62890896,69.5,-0.027972028,-2,0.208695652,12,3.5,0.56097561,-0.015384615,1.1034,424900,-0.055567904,-0.375147059,1.2497
202012,28211,"charlotte, nc",2613,7911,1586,-1211,51.071346,49.14292333,52.99976836,70.5,0.014388489,1,-0.298507463,-30,4.5,0.196078431,0.648648649,1.0517,794450,-0.064252061,-0.027005511,2.3366
202012,28205,"charlotte, nc",630,8706,-1197,-2826,47.519497,58.79082696,36.24816616,61.5,0.308510638,14.5,-0.108695652,-7.5,-4.5,0.022727273,0.8,0.7759,447097,0.009203884,0.033989362,1.315
202012,28202,"charlotte, nc",7277,9085,1442,-4132,45.818856,63.70550537,27.93220601,57.5,-0.025423729,-1.5,-0.298780488,-24.5,-8.5,0.117647059,0.027027027,0.6552,412500,0.028914364,0.269426066,1.2132
202012,28207,"charlotte, nc",9623,11865,324,-8683,31.211876,18.56613389,43.85761717,131,0.060728745,7.5,0.658227848,52,65,0.106382979,0,0.8966,1320000,0.016166282,0.012414347,3.8824
202011,28212,"charlotte, nc",1702,86,-38,-56,94.77937,91.49188157,98.06685769,28,0.4,8,-0.096774194,-3,-29.5,0.01984127,1.294642857,4.6727,235443.5,-0.039006122,0.037708032,0.6759
202011,28213,"charlotte, nc",1585,123,-99,71,93.91404,90.3495702,97.47851003,29.5,0.966666667,14.5,-0.280487805,-11.5,-28,0.004366812,1.555555556,4.1818,245000,0.042553191,0.110063976,0.7034
202011,28273,"charlotte, nc",1971,318,-286,-247,90.947469,87.3008596,94.59407832,33,1.2,18,0.1,3,-24.5,-0.2,1.24,3.0545,326365,0.125396552,0.19547619,0.937
202011,28269,"charlotte, nc",45,367,-60,98,90.376313,86.67812798,94.07449857,33.5,0.155172414,4.5,-0.202380952,-8.5,-24,-0.124324324,1.655737705,2.9455,280000,0.033210332,0.071749823,0.8038
202011,28216,"charlotte, nc",589,368,245,44,90.361032,87.72874881,92.99331423,32.5,-0.071428571,-2.5,-0.144736842,-5.5,-25,-0.160220994,1.666666667,2.7636,281250,0.022727273,0.08214698,0.8074
202011,28262,"charlotte, nc",1328,873,-442,-834,85.505253,83.58357211,87.4269341,36,0.333333333,9,0.058823529,2,-21.5,-0.111111111,-0.189189189,2.1818,315950,0.047621258,0.294877049,0.9071
202011,28227,"charlotte, nc",482,1078,400,-677,83.91595,78.61318052,89.21872015,39.5,0.012820513,0.5,-0.102272727,-4.5,-18,-0.015384615,0.72972973,2.3273,354825,-0.009836752,-0.014375,1.0187
202011,28215,"charlotte, nc",492,1112,360,-252,83.703916,83.58357211,83.82425979,36,0.125,4,-0.181818182,-8,-21.5,0.08,1.117647059,1.9636,283995,0.034627855,0.208489362,0.8153
202011,28217,"charlotte, nc",4081,1143,-128,-550,83.533906,85.52053486,81.54727794,34.5,0.078125,2.5,-0.31,-15.5,-23,-0.128205128,0.051546392,1.8545,279950,0.144989775,0.245395662,0.8037
202011,28270,"charlotte, nc",2561,1160,543,1705,83.396371,82.97230181,83.82043935,36.5,-0.013513514,-0.5,-0.485915493,-34.5,-21,-0.018181818,0.8,1.9636,557450,-0.030521739,0.196244635,1.6004
202011,28278,"charlotte, nc",5032,1504,715,4623,80.764088,82.39923591,79.12893983,37,-0.119047619,-5,-0.513157895,-39,-20.5,-0.127272727,2,1.7455,421479,-0.061293987,0.103637078,1.21
202011,28214,"charlotte, nc",2030,1602,563,-1468,80.047755,66.12034384,93.97516714,48,-0.04,-2,0.297297297,11,-9.5,-0.110497238,0.987654321,2.9273,294660,0.091333333,0.275639638,0.8459
202011,28277,"charlotte, nc",86,1915,-47,876,78.158548,77.17669532,79.14040115,40.5,0.191176471,6.5,-0.357142857,-22.5,-17,0.032258065,1.086956522,1.7455,441717.5,-0.039744565,0.10429375,1.2681
202011,28206,"charlotte, nc",8412,2669,1465,-1803,74.099331,71.10601719,77.09264565,45,-0.210526316,-12,0.184210526,7,-12.5,-0.171171171,1.044444444,1.6727,307450,-0.110560163,-0.162624367,0.8827
202011,28210,"charlotte, nc",464,3477,536,-1096,69.931232,73.70773639,66.15472779,43,0,0,-0.188679245,-10,-14.5,-0.051282051,0.85,1.3455,439700,-4.55E-04,0.09925,1.2623
202011,28203,"charlotte, nc",6166,4538,-132,-1006,65.111748,80.17191977,50.05157593,38.5,0.013157895,0.5,-0.457746479,-32.5,-19,-0.138461538,0.166666667,1.0182,595000,-0.006976201,0.102055936,1.7082
202011,28208,"charlotte, nc",2204,5820,-1183,-4473,59.30277,64.48901624,54.1165234,49,0.195121951,8,-0.125,-7,-8.5,-0.090909091,-0.047619048,1.0909,294495,0.059334532,0.071280466,0.8455
202011,28209,"charlotte, nc",3826,6427,248,-4403,56.832856,63.57975167,50.08595989,49.5,0.076086957,3.5,-0.116071429,-6.5,-8,-0.01754386,0.191489362,1.0182,619700,-0.045881447,0.059316239,1.7791
202011,28226,"charlotte, nc",1124,6906,-10,-5320,54.758357,44.03820439,65.47851003,67.5,-0.049295775,-3.5,0.35,17.5,10,-0.16091954,0.622222222,1.3273,784450,0.045933333,0.428870674,2.2521
202011,28205,"charlotte, nc",630,7509,1056,-1156,52.26361,67.70964661,36.81757402,47,-0.020833333,-1,-0.216666667,-13,-10.5,0.023255814,0.833333333,0.8,443019.5,-0.026268707,0.044857311,1.2719
202011,28211,"charlotte, nc",2613,9497,-16,-3132,43.524355,42.10888252,44.93982808,69.5,0.053030303,3.5,-0.172619048,-14.5,12,-0.055555556,0.457142857,0.9273,849000,-0.15015015,0.029090909,2.4374
202011,28202,"charlotte, nc",7277,10527,572,-4714,38.448902,52.39732569,24.50047755,59,0.053571429,3,-0.180555556,-13,1.5,0.096774194,0.0625,0.6182,400908,0.030611825,0.195313059,1.151
202011,28204,"charlotte, nc",10785,10850,-5413,-10260,36.813754,40.77172875,32.85577841,71.5,0.743902439,30.5,0.489583333,23.5,14,-0.305084746,-0.422535211,0.7455,449900,0,-0.007029586,1.2916
202011,28207,"charlotte, nc",9623,12189,354,-8456,29.165234,18.08978032,40.24068768,123.5,0.222772277,22.5,0.764285714,53.5,66,0.146341463,0.068181818,0.8545,1299000,-0.037777778,-0.037777778,3.7293
202010,28213,"charlotte, nc",1585,24,61,350,96.830069,96.23382014,97.42631797,15,-0.230769231,-4.5,-0.625,-25,-38,-0.139097744,2.094594595,3.9826,235000,0.047003787,0.060096176,0.6716
202010,28273,"charlotte, nc",1971,32,116,81,96.494207,96.23382014,96.75459451,15,-0.375,-9,-0.423076923,-11,-38,-0.244604317,2.230769231,3.6522,290000,0.012216405,0.045063875,0.8288
202010,28212,"charlotte, nc",1702,48,17,18,95.98098,93.98467867,97.97728216,20,0.081081081,1.5,-0.384615385,-12.5,-33,-0.231707317,1.25,4.3826,245000,-0.00990099,0.181007472,0.7002
202010,28269,"charlotte, nc",45,307,462,172,90.726065,86.03343522,95.41869505,29,-0.134328358,-4.5,-0.236842105,-9,-24,0.134969325,2.13559322,3.2174,271000,0.01062838,0.084,0.7745
202010,28262,"charlotte, nc",1328,431,1609,-408,89.061851,88.75429261,89.36941017,27,-0.413043478,-19,0.058823529,1.5,-26,-0.123376623,0.436170213,2.3478,301588,-0.019323287,0.206595732,0.8619
202010,28216,"charlotte, nc",589,613,190,-282,87.014604,78.96524397,95.06396468,35,-0.014084507,-0.5,-0.04109589,-1.5,-18,-0.016304348,1.784615385,3.1478,275000,0.117886179,0.075331887,0.7859
202010,28217,"charlotte, nc",4081,1015,-550,-428,83.740896,82.59179592,84.88999585,32,0.142857143,4,-0.311827957,-14.5,-21,-0.299401198,0.231578947,2.0348,244500,-0.011721908,0.207705606,0.6988
202010,28215,"charlotte, nc",492,1472,-311,90,80.646439,82.59179592,78.70108306,32,0.066666667,2,-0.384615385,-20,-21,-0.122807018,0.851851852,1.7391,274490,-0.019503483,0.173535699,0.7845
202010,28227,"charlotte, nc",482,1478,-164,-480,80.606815,72.83671082,88.37691988,39,0.147058824,5,-0.204081633,-10,-14,0.074380165,1.03125,2.2609,358350,-0.024765274,0.085909091,1.0241
202010,28270,"charlotte, nc",2561,1703,-42,1653,79.189781,75.55002076,82.82954074,37,-0.038961039,-1.5,-0.447761194,-30,-16,-0.126984127,1.244897959,1.913,575000,0.086032675,0.251360174,1.6433
202010,28277,"charlotte, nc",86,1868,605,1059,78.210499,80.93890335,75.48209366,34,-0.15,-6,-0.352380952,-18.5,-19,-0.105769231,1.447368421,1.6174,460000,0.028319011,0.128834356,1.3147
202010,28214,"charlotte, nc",2030,2165,-1106,-1827,76.393449,57.71915921,95.06773841,50,0.333333333,12.5,0.234567901,9.5,-3,0.096969697,1.154761905,3.1478,270000,-0.035542061,0.161542615,0.7716
202010,28278,"charlotte, nc",5032,2219,443,3906,76.044379,69.2554436,82.83331446,42,-0.076923077,-3.5,-0.391304348,-27,-11,-0.06779661,2.548387097,1.913,449000,0.062721893,0.164417577,1.2832
202010,28210,"charlotte, nc",464,4013,-306,-1850,67.015736,67.53085022,66.50062267,43,0.162162162,6,-0.075268817,-3.5,-10,0.054054054,1,1.3565,439900,0.006175663,0.086306951,1.2572
202010,28206,"charlotte, nc",8412,4134,-2708,-84,66.455338,49.90754368,83.00313219,57,0.676470588,23,-0.179856115,-12.5,4,-0.051282051,1.466666667,1.9304,345667,0.04763449,-0.046861816,0.9879
202010,28203,"charlotte, nc",6166,4406,1217,-2178,65.215669,74.18015774,56.25117929,38,-0.136363636,-6,-0.269230769,-14,-15,0.015625,0.477272727,1.1304,599180,-0.077474981,0.099513717,1.7124
202010,28208,"charlotte, nc",2204,4637,-839,-3447,64.194875,71.1762708,57.21347975,41,0.108108108,4,-0.136842105,-6.5,-12,-0.095890411,0.2,1.1478,278000,-0.041048637,-0.041214002,0.7945
202010,28204,"charlotte, nc",10785,5437,-1397,-2897,60.813616,71.1762708,50.45096041,41,0.389830508,11.5,-0.344,-21.5,-12,-0.016666667,0.053571429,1.0261,449900,-0.135555769,0,1.2858
202010,28209,"charlotte, nc",3826,6675,-1136,-5101,55.762482,62.76840635,48.75655685,46,0.108433735,4.5,0.045454545,2,-7,-0.06557377,0.325581395,0.9913,649500,0.058420924,0.237142857,1.8562
202010,28226,"charlotte, nc",1124,6896,-595,-3427,54.769991,37.38254274,72.1574399,71,0.234782609,13.5,0.14516129,9,18,0.12987013,1.071428571,1.513,750000,0.115241636,0.515306107,2.1435
202010,28205,"charlotte, nc",630,8565,360,-2559,47.405562,61.10419261,33.70693234,48,-0.03030303,-1.5,-0.111111111,-6,-5,0,0.791666667,0.7478,454971,0.007049798,0.091738254,1.3003
202010,28211,"charlotte, nc",2613,9481,-409,-3324,43.431828,41.11853277,45.74512246,66,0.039370079,2.5,-0.11409396,-8.5,13,-0.035714286,0.588235294,0.9391,999000,-0.031976744,0.377931034,2.8551
202010,28202,"charlotte, nc",7277,11099,-743,-7092,35.425865,51.17551606,19.6762142,56,0.12,6,0.12,6,3,-0.03125,0.033333333,0.5391,389000,0.023953672,0.135932253,1.1117
202010,28207,"charlotte, nc",9623,12543,-1350,-8490,26.995358,22.88765614,31.10306049,101,0.254658385,20.5,0.393103448,28.5,48,-0.145833333,-0.145833333,0.713,1350000,-0.032258065,-0.022801303,3.8582
202009,28212,"charlotte, nc",1702,65,279,120,96.377715,94.06987724,98.68555241,18.5,-0.403225806,-12.5,-0.486111111,-17.5,-35.5,0.271317829,2.565217391,5.4667,247450,0.014139344,0.209475264,0.707
202009,28213,"charlotte, nc",1585,85,3,79,95.688385,93.42398489,97.95278565,19.5,0.083333333,1.5,-0.390625,-12.5,-34.5,0.003773585,2.594594595,4.4333,224450,-0.013406593,-0.064596791,0.6413
202009,28273,"charlotte, nc",1971,148,15,-57,94.423041,90.68177526,98.16430595,24,0.043478261,1,-0.04,-1,-30,0.224669604,2.915492958,4.6333,286500,0.005263158,0.012623075,0.8186
202009,28217,"charlotte, nc",4081,465,-285,-178,90.113314,87.19169027,93.03493862,28,0.333333333,7,-0.3,-12,-26,-0.121052632,0.721649485,2.7833,247400,-0.099381143,0.159100188,0.7069
202009,28269,"charlotte, nc",45,769,-256,186,86.889518,81.15958451,92.61945231,33.5,0.116666667,3.5,-0.211764706,-9,-20.5,-0.063218391,1.963636364,2.7167,268150,-0.006851852,0.049648682,0.7662
202009,28216,"charlotte, nc",589,803,-446,-294,86.619452,78.5911237,94.64778093,35.5,0.267857143,7.5,-0.144578313,-6,-18.5,0,1.555555556,3.0667,246000,-0.027667984,-0.050658296,0.7029
202009,28214,"charlotte, nc",2030,1059,-511,-462,84.489141,76.13597734,92.84230406,37.5,0.25,7.5,-0.127906977,-5.5,-16.5,-0.011976048,1.260273973,2.75,279950,-0.017374517,0.149691992,0.7999
202009,28215,"charlotte, nc",492,1161,-542,466,83.765817,85.14069877,82.39093484,30,0.25,6,-0.381443299,-18.5,-24,-0.123076923,1.235294118,1.9,279950,0.018,0.194096696,0.7999
202009,28227,"charlotte, nc",482,1314,260,-325,82.644004,80.66477809,84.62322946,34,-0.170731707,-7,-0.284210526,-13.5,-20,-0.135714286,0.805970149,2.0167,367450,0.020694444,0.129399109,1.0499
202009,28206,"charlotte, nc",8412,1426,-264,2366,81.981114,80.66477809,83.29745042,34,0.133333333,4,-0.5,-34,-20,0.00862069,1.387755102,1.95,329950,-0.051475323,-0.056383116,0.9428
202009,28270,"charlotte, nc",2561,1661,-243,846,80.400378,74.65911237,86.14164306,38.5,0.040540541,1.5,-0.293577982,-16,-15.5,-0.030769231,1.680851064,2.1,529450,0.008668318,0.138847064,1.5128
202009,28262,"charlotte, nc",1328,2040,-955,-2024,78.09254,64.7667611,91.41831917,46,0.352941176,12,0.735849057,19.5,-8,0.184615385,0.184615385,2.5667,307530.5,0.024893272,0.253873955,0.8787
202009,28277,"charlotte, nc",86,2473,827,-202,75.580737,72.71765817,78.44381492,40,-0.047619048,-2,-0.130434783,-6,-14,0.181818182,1.6,1.7333,447332,-0.049419025,0.081487767,1.2782
202009,28278,"charlotte, nc",5032,2662,16,2543,74.536355,65.3068933,83.76581681,45.5,0.034090909,1.5,-0.222222222,-13,-8.5,0.082568807,2.806451613,1.9667,422500,-0.060902423,0.107439202,1.2072
202009,28210,"charlotte, nc",464,3707,-401,-288,69.03305,76.80830973,61.25779037,37,-0.097560976,-4,-0.308411215,-16.5,-17,-0.129411765,1,1.2333,437200,-0.006363636,0.04475472,1.2492
