Market_Hotness.csv
month_date_yyyymm,postal_code,zip_name,nielsen_hh_rank,hotness_rank,hotness_rank_mm,hotness_rank_yy,hotness_score,supply_score,demand_score,median_days_on_market,median_days_on_market_mm,median_dom_mm_day,median_days_on_market_yy,median_dom_yy_day,median_dom_vs_us,ldp_unique_viewers_per_property_mm,ldp_unique_viewers_per_property_yy,ldp_unique_viewers_per_property_vs_us,median_listing_price,median_listing_price_mm,median_listing_price_yy,median_listing_price_vs_us
202009,28208,"charlotte, nc",2204,3798,-2416,-2405,68.617564,76.80830973,60.42681775,37,0.541666667,13,-0.229166667,-11,-17,-0.24742268,0.327272727,1.2167,289900,0.054181818,0.037713175,0.8283
202009,28204,"charlotte, nc",10785,4040,4956,-1945,67.422096,85.64683664,49.197356,29.5,-0.578571429,-40.5,-0.448598131,-24,-24.5,-0.032258065,0.153846154,1,520450,-0.053727273,0.199927408,1.4871
202009,28209,"charlotte, nc",3826,5539,440,-2812,60.458924,70.54957507,50.36827195,41.5,-0.153061224,-7.5,-0.224299065,-12,-12.5,-0.075757576,0.418604651,1.0167,613650,-0.063129771,0.22119403,1.7534
202009,28203,"charlotte, nc",6166,5623,-2069,-2385,60.113314,67.20679887,53.01983003,44,0.157894737,6,-0.247863248,-14.5,-10,-0.168831169,0.454545455,1.0667,649500,-0.037777778,0.154769313,1.8558
202009,28226,"charlotte, nc",1124,6301,-1529,-1214,57.174693,50.95750708,63.39187913,57.5,0.15,7.5,-0.184397163,-13,3.5,-0.072289157,0.925,1.2833,672500,-0.051480959,0.263775353,1.9216
202009,28205,"charlotte, nc",630,8925,-147,-2851,46.037771,59.87535411,32.20018886,49.5,-0.01,-0.5,-0.116071429,-6.5,-4.5,-0.022727273,0.653846154,0.7167,451786,0.003968889,0.101560122,1.2909
202009,28211,"charlotte, nc",2613,9072,1006,-3106,45.437205,45.03871577,45.83569405,63.5,-0.052238806,-3.5,-0.015503876,-1,9.5,0.12,0.806451613,0.9333,1032000,0.032,0.613580523,2.9488
202009,28202,"charlotte, nc",7277,10356,-596,-7117,39.724268,59.32389046,20.12464589,50,0,0,0.052631579,2.5,-4,-0.111111111,-0.058823529,0.5333,379900,0.085738783,0.050359428,1.0855
202009,28207,"charlotte, nc",9623,11193,-1846,-2869,35.372993,33.20491029,37.54107649,80.5,0.2578125,16.5,-0.363636364,-46,26.5,-0.111111111,0.043478261,0.8,1395000,0,-0.014134276,3.986
202008,28213,"charlotte, nc",1585,88,70,122,96.056818,94.28453793,97.82909758,18,-0.307692308,-8,-0.4,-12,-38,0.104166667,2.3125,4.2742,227500,-0.019396552,-0.108342665,0.6502
202008,28273,"charlotte, nc",1971,163,378,-101,94.084291,91.38376315,96.78481865,23,-0.342857143,-12,0.045454545,1,-33,0.201058201,1.639534884,3.6613,285000,-0.04984164,0.031007752,0.8145
202008,28217,"charlotte, nc",4081,180,315,-139,93.842872,92.97825355,94.70748961,21,-0.416666667,-15,-0.192307692,-5,-35,-0.205020921,0.357142857,3.0645,274700,0.101002004,0.362792346,0.7851
202008,28212,"charlotte, nc",1702,344,-178,-239,91.204102,84.73256728,97.67563723,31,0.107142857,3,0.068965517,2,-25,-0.191222571,1.433962264,4.1613,244000,0.084468544,0.150710773,0.6973
202008,28216,"charlotte, nc",589,357,658,651,91.114272,88.03383613,94.19470749,28,-0.325301205,-13.5,-0.348837209,-15,-28,0.063583815,1.746268657,2.9677,253000,-0.040758294,-6.10E-05,0.7231
202008,28269,"charlotte, nc",45,513,82,387,89.538496,85.82176143,93.25523075,30,-0.0625,-2,-0.166666667,-6,-26,0.183673469,2.222222222,2.8065,270000,-0.027027027,0.058153662,0.7716
202008,28214,"charlotte, nc",2030,548,1018,-173,89.143616,85.82176143,92.46547142,30,-0.318181818,-14,-0.142857143,-5,-26,0.184397163,1.168831169,2.6935,284900,-0.050175029,0.153441296,0.8142
202008,28215,"charlotte, nc",492,619,-12,249,88.301456,90.58651795,86.01639406,24,-0.272727273,-9,-0.333333333,-12,-32,-0.144736842,1.363636364,2.0968,275000,-0.019258203,0.131487686,0.7859
202008,28262,"charlotte, nc",1328,1085,1870,-1075,84.167384,82.39697571,85.93779242,34,-0.376146789,-20.5,0.7,14,-22,0.092436975,-0.078014184,2.0968,300061,0.063293875,0.261745059,0.8576
202008,28206,"charlotte, nc",8412,1162,-434,2584,83.697646,85.82176143,81.57352996,30,-0.076923077,-2.5,-0.411764706,-21,-26,-0.147058824,2.135135135,1.871,347856,0.095626703,-0.018248146,0.9942
202008,28208,"charlotte, nc",2204,1382,1062,571,82.157428,90.58651795,73.72833776,24,-0.483870968,-22.5,-0.510204082,-25,-32,-0.101851852,0.796296296,1.5645,275000,-0.083333333,-0.018958312,0.7859
202008,28270,"charlotte, nc",2561,1418,679,196,81.929109,77.87550997,85.98270764,37,-0.221052632,-10.5,-0.119047619,-5,-19,0.023622047,1.653061224,2.0968,524900,0.061476239,0.129060013,1.5001
202008,28227,"charlotte, nc",482,1574,83,-1008,80.89793,73.58236329,88.21349702,41,-0.012048193,-0.5,0.138888889,5,-15,0.166666667,1.121212121,2.2581,360000,-0.017064846,0.098230628,1.0289
202008,28278,"charlotte, nc",5032,2678,45,1690,73.84624,68.54811543,79.14436501,44,-0.145631068,-7.5,-0.137254902,-7,-12,-0.052173913,2.303030303,1.7581,449900,0.075943842,0.166437648,1.2858
202008,28277,"charlotte, nc",86,3300,-1233,-764,70.42894,71.90178538,68.95609537,42,0.183098592,6.5,-0.066666667,-3,-14,0,1.146341463,1.4194,470588,0.057501124,0.098587961,1.3449
202008,28210,"charlotte, nc",464,3306,182,521,70.398997,73.58236329,67.2156305,41,-0.171717172,-8.5,-0.196078431,-10,-15,-0.04494382,1.361111111,1.371,440000,-0.058722858,0.077186724,1.2575
202008,28203,"charlotte, nc",6166,3554,353,229,69.1657,76.43822285,61.89317663,38,-0.095238095,-4,-0.355932203,-21,-18,0.115942029,0.711111111,1.2419,675000,0.0546875,0.227495908,1.9291
202008,28226,"charlotte, nc",1124,4772,700,1233,63.485796,61.01358685,65.95800427,50,-0.2,-12.5,-0.295774648,-21,-6,0.012195122,1.128205128,1.3387,709000,-0.03524289,0.320087243,2.0263
202008,28209,"charlotte, nc",3826,5979,-633,-3159,57.989295,62.53696149,53.44162893,49,-0.01010101,-0.5,-0.02,-1,-7,0.015384615,0.534883721,1.0645,655000,-0.032496307,0.4,1.872
202008,28205,"charlotte, nc",630,8778,-97,-2140,46.346895,61.01358685,31.68020362,50,-0.137931034,-8,-0.107142857,-6,-6,-0.043478261,0.692307692,0.7097,450000,-0.010465972,0.112146761,1.2861
202008,28204,"charlotte, nc",10785,8996,-2983,-5350,45.474791,41.31451885,49.63506382,70,0.102362205,6.5,0.147540984,9,14,-0.184210526,0.265306122,1,550000,-0.063391375,0.315926193,1.5719
202008,28207,"charlotte, nc",9623,9347,-1667,-1453,43.919602,45.81352697,42.02567654,64,0.094017094,5.5,-0.366336634,-37,8,0,0.227272727,0.871,1395000,-0.019332162,-0.007722792,3.9869
202008,28202,"charlotte, nc",7277,9760,-920,-5295,42.016319,61.01358685,23.01905154,50,-0.029126214,-1.5,-0.122807018,-7,-6,-0.076923077,-0.027027027,0.5806,349900,0.085129477,-0.025852126,1
202008,28211,"charlotte, nc",2613,10078,-1077,-3313,40.629562,43.14481416,38.11430924,67,-0.100671141,-7.5,-0.042857143,-3,11,-0.090909091,0.470588235,0.8065,1000000,-0.035214665,0.553829079,2.858
202007,28213,"charlotte, nc",1585,158,56,-37,94.412978,91.17779445,97.64816204,26,-0.174603175,-5.5,-0.018867925,-0.5,-33.5,-0.012345679,1.666666667,4.2105,232000,-0.002150538,-0.105800732,0.6648
202007,28212,"charlotte, nc",1702,166,961,-26,94.22168,89.60615154,98.8372093,28,-0.45631068,-23.5,-0.050847458,-1.5,-31.5,-0.021472393,1.848214286,5.5965,224995,-0.03827741,0.071915198,0.6447
202007,28217,"charlotte, nc",4081,495,584,-479,89.73931,81.85671418,97.62190548,36,-0.234042553,-11,1.181818182,19.5,-23.5,0.414201183,0.8671875,4.193,249500,-0.011685482,0.161772786,0.7149
202007,28273,"charlotte, nc",1971,541,-341,-307,89.307952,83.08702176,95.52888222,35,0.37254902,9.5,0.111111111,3.5,-24.5,0.152439024,1.1,3.3158,299950,0.07125,0.110925926,0.8595
202007,28269,"charlotte, nc",45,595,31,30,88.709677,86.22655664,91.1927982,32,-0.085714286,-3,0.032258065,1,-27.5,0.122137405,1.722222222,2.5789,277500,0.009090909,0.083984375,0.7951
202007,28215,"charlotte, nc",492,607,559,-183,88.58027,85.27381845,91.88672168,33,-0.204819277,-8.5,0.015384615,0.5,-26.5,0.277310924,1.268656716,2.6667,280400,-0.005321036,0.195990616,0.8034
202007,28206,"charlotte, nc",8412,728,1758,1188,87.503751,85.64891223,89.35858965,32.5,-0.252873563,-11,-0.084507042,-3,-27,0.679012346,2.487179487,2.386,317495,0.008240711,-0.105728498,0.9097
202007,28216,"charlotte, nc",589,1015,-405,-34,84.889347,75.39384846,94.38484621,41.5,0.121621622,4.5,0.012195122,0.5,-18,0.176870748,1.703125,3.0351,263750,-0.011987264,0.047312725,0.7557
202007,28214,"charlotte, nc",2030,1566,-3,-645,81.183421,72.06301575,90.30382596,44,-0.102040816,-5,0.035294118,1.5,-15.5,0.084615385,0.88,2.4737,299950,0.0228474,0.162822252,0.8595
202007,28227,"charlotte, nc",482,1657,-117,-1120,80.611403,75.39384846,85.82895724,41.5,-0.117021277,-5.5,0.185714286,6.5,-18,-0.008264463,0.764705882,2.1053,366250,-0.046402758,0.057029063,1.0494
202007,28277,"charlotte, nc",86,2067,-618,1291,77.876969,82.36309077,73.39084771,35.5,-0.040540541,-1.5,-0.260416667,-12.5,-24,-0.053763441,1.315789474,1.5439,445000,-0.011111111,0.025345622,1.2751
202007,28270,"charlotte, nc",2561,2097,-595,-222,77.700675,67.8432108,87.55813953,47.5,0.032608696,1.5,0.091954023,4,-12,0.067226891,1.645833333,2.2281,494500,-0.008024072,0.099133141,1.4169
202007,28208,"charlotte, nc",2204,2444,99,699,75.530758,68.94973743,82.11177794,46.5,-0.060606061,-3,-0.198275862,-11.5,-13,0.186813187,1,1.8947,300000,0.142857143,0.015572106,0.8596
202007,28278,"charlotte, nc",5032,2723,-71,3146,73.8991,63.29707427,84.50112528,51.5,0.009803922,0.5,-0.182539683,-11.5,-8,0.263736264,2.285714286,2.0175,418144.5,0.017625857,0.060114062,1.1981
202007,28262,"charlotte, nc",1328,2955,-2283,-2544,72.683796,59.83495874,85.53263316,54.5,0.493150685,18,0.434210526,16.5,-5,-0.111940299,-0.19047619,2.0877,282199.5,-0.004833022,0.176321384,0.8086
202007,28210,"charlotte, nc",464,3488,-1140,666,69.705551,65.5363841,73.87471868,49.5,0.010204082,0.5,-0.048076923,-2.5,-10,-0.063157895,1.472222222,1.5614,467450,0.010702703,0.147257332,1.3394
202007,28203,"charlotte, nc",6166,3907,-877,1431,67.687547,74.8312078,60.54388597,42,0.135135135,5,-0.4,-28,-17.5,0.095238095,0.533333333,1.2105,640000,0.01273835,0.16692497,1.8338
202007,28209,"charlotte, nc",3826,5346,352,-978,61.425356,65.5363841,57.31432858,49.5,-0.266666667,-18,-0.139130435,-8,-10,0,0.625,1.1404,677000,0.0832,0.411887383,1.9398
202007,28226,"charlotte, nc",1124,5472,-354,1388,60.950863,52.11927982,69.78244561,62.5,0,0,-0.113475177,-8,3,0.223880597,1.342857143,1.4386,734900,0.035799859,0.289298246,2.1057
202007,28204,"charlotte, nc",10785,6013,-1619,-2767,58.505251,51.28657164,65.72393098,63.5,0.365591398,17,0.165137615,9,4,0.288135593,0.617021277,1.3333,587225,0.02126087,0.305234497,1.6826
202007,28207,"charlotte, nc",9623,7680,-984,635,51.177794,55.75393848,46.60165041,58.5,-0.181818182,-13,-0.440191388,-46,-1,-0.084745763,0.285714286,0.9474,1422500,0.027446732,0.011016347,4.0759
202007,28205,"charlotte, nc",630,8681,-84,-2539,47.001125,56.19654914,37.80570143,58,-0.033333333,-2,0.104761905,5.5,-1.5,0.210526316,0.703703704,0.807,454759.5,0.001052211,0.137183046,1.303
202007,28202,"charlotte, nc",7277,8840,-801,-4133,46.415979,63.29707427,29.53488372,51.5,-0.21969697,-14.5,0,0,-8,-0.133333333,0.181818182,0.6842,322450,-0.078582655,-0.065362319,0.9239
202007,28211,"charlotte, nc",2613,9001,-1793,-1713,45.609527,43.54088522,47.67816954,74.5,0.15503876,10,0.103703704,7,15,0.1,0.774193548,0.9649,1036500,0.011713031,0.49254806,2.9699
202006,28273,"charlotte, nc",1971,200,231,400,93.682655,92.19919186,95.16611793,25.5,-0.37804878,-15.5,-0.25,-8.5,-46,0.242424242,1.523076923,3.2157,280000,0.016887598,0.060606061,0.8199
202006,28213,"charlotte, nc",1585,214,-113,43,93.409533,88.44283149,98.37623466,31.5,-0.015625,-0.5,0.086206897,2.5,-40,0.168269231,1.761363636,4.7647,232500,0.011309265,-0.06626506,0.6808
202006,28216,"charlotte, nc",589,610,-227,-91,88.560685,83.623915,93.49745585,37,-0.075,-3,0.275862069,8,-34.5,0.088888889,1.534482759,2.8824,266950,0.089591837,0.046862745,0.7817
202006,28269,"charlotte, nc",45,626,-1,337,88.377357,85.47590542,91.27880874,35,-0.186046512,-8,0.129032258,4,-36.5,0.110169492,1.673469388,2.5686,275000,3.64E-04,0.05919963,0.8052
202006,28262,"charlotte, nc",1328,672,-161,605,87.898459,84.08410655,91.71281054,36.5,-0.0875,-3.5,-0.188888889,-8.5,-35,0.12605042,0.367346939,2.6275,283570,0.046808668,0.183020442,0.8303
202006,28217,"charlotte, nc",4081,1079,-535,-347,84.688342,73.84390901,95.53277462,47,0.044444444,2,0.175,7,-24.5,0.181818182,0.408333333,3.3137,252450,-0.024913094,0.26225,0.7392
202006,28212,"charlotte, nc",1702,1127,-813,-824,84.355358,69.50763245,99.20308291,51.5,0.170454545,7.5,0.661290323,20.5,-20,0.330612245,2.292929293,6.3922,233950,-0.008686441,0.063892678,0.685
202006,28215,"charlotte, nc",492,1166,-317,-702,84.06727,79.32505238,88.80948818,41.5,-0.034883721,-1.5,0.482142857,13.5,-30,0.166666667,1.016949153,2.3333,281900,0.036778227,0.210390726,0.8254
202006,28277,"charlotte, nc",86,1449,315,1250,82.086202,83.623915,80.54848848,37,-0.212765957,-10,-0.026315789,-1,-34.5,0.148148148,1.657142857,1.8235,450000,0,0.046755059,1.3176
202006,28270,"charlotte, nc",2561,1502,-368,673,81.790632,74.7829991,88.79826399,46,-0.098039216,-5,0.069767442,3,-25.5,0.017094017,1.586956522,2.3333,498500,0.019635917,0.107777778,1.4597
202006,28227,"charlotte, nc",482,1540,-339,-879,81.575501,73.84390901,89.30709368,47,-0.040816327,-2,0.305555556,11,-24.5,0.163461538,0.657534247,2.3725,384072,0.052254938,0.129955869,1.1246
202006,28214,"charlotte, nc",2030,1563,-1010,-1032,81.487579,71.89464232,91.08051482,49,0.256410256,10,0.580645161,18,-22.5,0.150442478,1.063492063,2.549,293250,0.051075269,0.173469388,0.8587
202006,28210,"charlotte, nc",464,2348,1083,1811,76.593834,71.89464232,81.29302604,49,-0.257575758,-17,-0.02,-1,-22.5,0.117647059,1.638888889,1.8627,462500,-0.098264769,0.101190476,1.3542
202006,28206,"charlotte, nc",8412,2486,-1296,-1889,75.737055,77.23735409,74.23675546,43.5,0.242857143,8.5,0.891304348,20.5,-28,0.038461538,0.653061224,1.5882,314900,-0.100285714,-0.10476445,0.9221
202006,28208,"charlotte, nc",2204,2543,-1538,780,75.43026,71.28105358,79.57946723,49.5,0.2375,9.5,-0.066037736,-3.5,-22,0.02247191,0.895833333,1.7843,262500,0.220930233,-0.192059095,0.7686
202006,28278,"charlotte, nc",5032,2652,-478,3881,74.760551,69.92666866,79.5944328,51,-0.072727273,-4,-0.15,-9,-20.5,0.070588235,1.935483871,1.7843,410902,0.027511878,0.054947368,1.2032
202006,28203,"charlotte, nc",6166,3030,-1514,2531,72.457722,83.623915,61.29152948,37,-0.177777778,-8,-0.421875,-27,-34.5,-0.240963855,0.615384615,1.2353,631950,-0.027619634,0.134560144,1.8504
202006,28204,"charlotte, nc",10785,4394,-2243,-2179,65.790557,74.26668662,57.31442682,46.5,0.55,16.5,0.056818182,2.5,-25,0,0.229166667,1.1569,575000,0.093342967,0.066790353,1.6836
202006,28226,"charlotte, nc",1124,5118,-736,2308,62.571087,60.26638731,64.87578569,62.5,-0.080882353,-5.5,-0.0234375,-1.5,-9,-0.069444444,1.310344828,1.3137,709500,0.151785714,0.184474124,2.0775
202006,28209,"charlotte, nc",3826,5698,-43,-1378,59.890377,56.63349297,63.1472613,67.5,-0.035714286,-2.5,0.35,17.5,-4,0.06557377,0.857142857,1.2745,625000,0,0.168224299,1.8301
202006,28207,"charlotte, nc",9623,6696,-947,2247,55.76736,53.91724035,57.6174798,71.5,-0.083333333,-6.5,-0.222826087,-20.5,0,-0.157142857,0.787878788,1.1569,1384500,0.006909091,-0.010364546,4.0539
202006,28211,"charlotte, nc",2613,7208,-1728,399,53.571161,58.81846752,48.32385513,64.5,0.0078125,0.5,-0.037313433,-2.5,-7,-0.107142857,0.666666667,0.9804,1024500,0.035894843,0.366,2.9998
202006,28202,"charlotte, nc",7277,8039,-1005,-3694,50.104759,57.85692906,42.35258905,66,0.118644068,7,0.294117647,15,-5.5,0.097560976,0.25,0.8824,349950,0.041827925,0.005892498,1.0247
202006,28205,"charlotte, nc",630,8597,-1249,-2041,47.801931,62.39149955,33.21236157,60,0.016949153,1,0.224489796,11,-11.5,-0.025641026,0.583333333,0.7451,454281.5,0.036119696,0.184391107,1.3302
202005,28213,"charlotte, nc",1585,101,-59,148,94.892443,91.68623942,98.09864668,32,0.28,7,0.254901961,6.5,-39,0.094736842,1.12244898,4.3333,229900,0.178974359,-0.080216043,0.6969
202005,28212,"charlotte, nc",1702,314,-220,-128,91.462551,84.18521418,98.73988741,44,0.6,16.5,0.795918367,19.5,-27,0.762589928,1.024793388,5.1042,236000,-0.008403361,0.060674157,0.7154
202005,28216,"charlotte, nc",589,383,258,484,90.541699,87.4585244,93.62487418,40,0,0,0.15942029,5.5,-31,0.194690265,0.875,2.8125,245000,-0.0199804,-0.067911227,0.7426
202005,28273,"charlotte, nc",1971,431,-255,670,90.118555,86.99996272,93.23714722,41,0.389830508,11.5,0.242424242,8,-30,0.1,1.237288136,2.75,275350,0.01064601,0.025512104,0.8346
202005,28262,"charlotte, nc",1328,511,-362,-110,89.294635,87.4585244,91.130746,40,0.777777778,17.5,0.26984127,8.5,-31,0.155339806,0.081818182,2.4792,270890,-0.00175041,0.117302537,0.8211
202005,28217,"charlotte, nc",4081,544,-473,-211,88.916229,83.35010998,94.48234724,45,0.698113208,18.5,0.451612903,14,-26,-0.059210526,-0.013793103,2.9792,258900,0.07875,0.454494382,0.7848
202005,28214,"charlotte, nc",2030,553,-63,684,88.837938,87.83506692,89.84080826,39,0.098591549,3.5,-0.012658228,-0.5,-32,0.107843137,0.486842105,2.3542,279000,0.010887878,-0.010462848,0.8457
202005,28269,"charlotte, nc",45,625,-184,34,88.075532,85.1582597,90.99280468,43,0.28358209,9.5,0.457627119,13.5,-28,0.204081633,0.787878788,2.4583,274900,0.027663551,0.043263757,0.8333
202005,28215,"charlotte, nc",492,849,93,-322,86.105208,85.1582597,87.05215673,43,0.131578947,5,0.433333333,13,-28,0.214285714,0.324675325,2.125,271900,0.062524424,0.172235396,0.8242
202005,28208,"charlotte, nc",2204,1005,-426,1996,84.953212,87.4585244,82.44789919,40,0.355932203,10.5,-0.166666667,-8,-31,0.1125,0.745098039,1.8542,215000,-0.09454622,-0.379060475,0.6517
202005,28270,"charlotte, nc",2561,1134,-462,716,83.935429,77.07937218,90.79148492,51,0.307692308,12,0.342105263,13,-20,0.13592233,1.294117647,2.4375,488900,-0.0222,0.087773946,1.482
202005,28206,"charlotte, nc",8412,1190,8005,-774,83.493644,90.38884539,76.59844164,35,-0.777070064,-122,0.320754717,8.5,-36,0.368421053,0.068493151,1.625,350000,-0.050695569,0.308655824,1.0609
