Market_Hotness.csv
month_date_yyyymm,postal_code,zip_name,nielsen_hh_rank,hotness_rank,hotness_rank_mm,hotness_rank_yy,hotness_score,supply_score,demand_score,median_days_on_market,median_days_on_market_mm,median_dom_mm_day,median_days_on_market_yy,median_dom_yy_day,median_dom_vs_us,ldp_unique_viewers_per_property_mm,ldp_unique_viewers_per_property_yy,ldp_unique_viewers_per_property_vs_us,median_listing_price,median_listing_price_mm,median_listing_price_yy,median_listing_price_vs_us
202005,28227,"charlotte, nc",482,1201,-379,-169,83.454498,79.25660813,87.65238788,49,0.256410256,10,0.361111111,13,-22,0.11827957,0.464788732,2.1667,364999,0.023840112,0.002295675,1.1064
202005,28203,"charlotte, nc",6166,1516,3260,4537,81.394699,83.35010998,79.43928718,45,-0.366197183,-26,-0.237288136,-14,-26,0.220588235,1.243243243,1.7292,649900,0.061061224,0.098824922,1.97
202005,28277,"charlotte, nc",86,1764,-935,987,79.718898,81.01256384,78.42523208,47,0.402985075,13.5,0.236842105,9,-24,0.038461538,1.025,1.6875,450000,0.001223718,0.034482759,1.364
202005,28204,"charlotte, nc",10785,2151,-1733,-1110,77.332886,92.60336279,62.06240913,30,-0.154929577,-5.5,-0.032258065,-1,-41,-0.463636364,0.035087719,1.2292,525910,0.038203955,0.068054427,1.5941
202005,28278,"charlotte, nc",5032,2174,232,4632,77.194945,73.85825597,80.5316333,55,0.111111111,5.5,0.037735849,2,-16,0.164383562,1.931034483,1.7708,399900,0.051123669,0.066542206,1.2122
202005,28210,"charlotte, nc",464,3431,-440,175,70.59613,60.66808336,80.52417701,66,0.257142857,13.5,0.450549451,20.5,-5,0.268656716,1.073170732,1.7708,512900,0.108974172,0.206965525,1.5547
202005,28226,"charlotte, nc",1124,4382,-1595,2517,66.01797,58.93822466,73.09771465,68,0.214285714,12,0.192982456,11,-3,-0.076923077,1.322580645,1.5,616000,0.085462555,0.005796392,1.8672
202005,28211,"charlotte, nc",2613,5480,-768,1750,61.286955,63.35234687,59.22156358,64,0.040650407,2.5,0.040650407,2.5,-7,-0.01754386,0.75,1.1667,989000,0.237023139,0.276129032,2.9979
202005,28209,"charlotte, nc",3826,5655,-2871,-1867,60.686724,57.14498751,64.22846065,70,0.538461538,24.5,0.647058824,27.5,-1,0.033898305,0.648648649,1.2708,625000,0.079447323,0.14689421,1.8945
202005,28207,"charlotte, nc",9623,5749,-1590,2968,60.338143,49.14439101,71.53189427,78,0.238095238,15,-0.118644068,-10.5,7,0.060606061,1,1.4583,1375000,0.001821494,-0.028268551,4.1679
202005,28202,"charlotte, nc",7277,7034,-1258,-1092,54.814898,68.62394214,41.00585319,59,0.168316832,8.5,0.017241379,1,-12,0.051282051,0.108108108,0.8542,335900,-0.040148593,-0.064084703,1.0182
202005,28205,"charlotte, nc",630,7348,-2420,402,53.476494,68.62394214,38.32904597,59,0.242105263,11.5,0.168316832,8.5,-12,-0.071428571,0.625,0.8125,438445,0.02479928,0.169055732,1.329
202004,28213,"charlotte, nc",1585,42,135,262,96.67731,94.73328325,98.62133734,25,-0.038461538,-1,-0.074074074,-2,-37.5,0.210191083,1.021276596,5,195000,-0.018008219,-0.199014171,0.6094
202004,28217,"charlotte, nc",4081,71,117,1437,95.646131,93.90308039,97.38918107,26.5,-0.053571429,-1.5,-0.47,-23.5,-36,-0.302752294,-0.095238095,4,240000,0.002087683,0.368749733,0.75
202004,28212,"charlotte, nc",1702,94,169,505,95.071375,93.39218633,96.75056349,27.5,-0.035087719,-1,-0.246575342,-9,-35,-0.054421769,0.037313433,3.6579,238000,0.094882116,0.108117995,0.7438
202004,28262,"charlotte, nc",1328,149,-89,253,94.015778,95.69120962,92.3403456,22.5,0.216216216,4,-0.274193548,-8.5,-40,-0.446236559,0,2.7105,271365,0.029086634,0.087448477,0.848
202004,28273,"charlotte, nc",1971,176,-95,748,93.664538,92.2539444,95.07513148,29.5,0.594594595,11,-0.063492063,-2,-33,-0.136690647,0.904761905,3.1579,272449.5,-0.044036842,0.009106927,0.8514
202004,28204,"charlotte, nc",10785,418,2586,698,90.595417,87.6296018,93.56123216,35.5,-0.436507937,-27.5,0.014285714,0.5,-27,0.089108911,0.71875,2.8947,506557.5,-0.17899919,-0.144328547,1.583
202004,28269,"charlotte, nc",45,441,678,292,90.401953,89.39519159,91.40871525,33.5,-0.094594595,-3.5,0.098360656,3,-29,0.126436782,0.441176471,2.5789,267500,-0.053095669,0.034816248,0.8359
202004,28214,"charlotte, nc",2030,490,201,1493,89.911721,87.6296018,92.19383922,35.5,0.075757576,2.5,-0.303921569,-15.5,-27,0.0625,0.2,2.6842,275995,-0.009847887,-0.03705319,0.8625
202004,28208,"charlotte, nc",2204,579,44,2146,89.096544,92.2539444,85.9391435,29.5,-0.016666667,-0.5,-0.397959184,-19.5,-33,-0.111111111,0.428571429,2.1053,237450,-0.038663968,-0.302028219,0.742
202004,28216,"charlotte, nc",589,641,97,238,88.606311,83.08790383,94.12471826,40,0.095890411,3.5,0.081081081,3,-22.5,0,0.329411765,2.9737,249995,0.010080808,-0.048908029,0.7812
202004,28270,"charlotte, nc",2561,672,11,564,88.364012,84.37640872,92.35161533,39,0.322033898,9.5,0.098591549,3.5,-23.5,0.226190476,0.68852459,2.7105,500000,-0.055712937,0.081197967,1.5625
202004,28227,"charlotte, nc",482,822,670,162,87.312171,84.37640872,90.24793388,39,-0.082352941,-3.5,0.083333333,3,-23.5,0.04494382,0.273972603,2.4474,356500,-0.036486486,-0.043457429,1.1141
202004,28277,"charlotte, nc",86,829,134,2425,87.235162,89.39519159,85.07513148,33.5,0.098360656,3,-0.220930233,-9.5,-29,0.054054054,0.857142857,2.0526,449450,-0.003326311,-0.003769252,1.4045
202004,28215,"charlotte, nc",492,942,1119,577,86.442524,85.3906837,87.49436514,38,-0.182795699,-8.5,-0.11627907,-5,-24.5,0.063291139,0.150684932,2.2105,255900,6.26E-04,0.104717854,0.7997
202004,28278,"charlotte, nc",5032,2406,1051,4284,77.304658,72.16378663,82.44552968,49.5,0.010204082,0.5,-0.181818182,-11,-13,0.327272727,1.212121212,1.9211,380450,-0.047088291,0.033370196,1.1889
202004,28209,"charlotte, nc",3826,2784,-804,835,75.082645,76.75432006,73.4109692,45.5,0.338235294,11.5,-0.031914894,-1.5,-17,0.053571429,0.372093023,1.5526,579000,-0.160261059,0.053301801,1.8094
202004,28226,"charlotte, nc",1124,2787,598,3233,75.075131,65.07888805,85.07137491,56,0.098039216,5,-0.026086957,-1.5,-6.5,0.322033898,1.228571429,2.0526,567500,-0.065843621,-0.092,1.7734
202004,28210,"charlotte, nc",464,2991,-570,-235,73.940646,68.86551465,79.01577761,52.5,0.25,10.5,0.265060241,11,-10,0.116666667,0.488888889,1.7632,462499.5,0.027776667,0.141088573,1.4453
202004,28207,"charlotte, nc",9623,4159,-277,3423,68.129226,57.98271976,78.27573253,63,0.247524752,12.5,-0.271676301,-23.5,0.5,0.269230769,0.65,1.7368,1372500,-0.12482066,-0.031502016,4.2891
202004,28211,"charlotte, nc",2613,4712,290,1833,65.55973,59.46656649,71.65289256,61.5,0.205882353,10.5,0.078947368,4.5,-1,0.325581395,0.78125,1.5,799500,-0.158421053,0.031612903,2.4984
202004,28203,"charlotte, nc",6166,4776,-889,-365,65.270473,50.96543952,79.57550714,71,0.234782609,13.5,0.378640777,19.5,8.5,0.114754098,0.658536585,1.7895,612500,-0.038461538,0.087687253,1.9141
202004,28205,"charlotte, nc",630,4928,259,1950,64.564237,74.45905334,54.66942149,47.5,-0.010416667,-0.5,-0.020618557,-1,-15,0.076923077,0.615384615,1.1053,427835,-0.021024065,0.152572737,1.337
202004,28202,"charlotte, nc",7277,5776,-1085,-385,60.683696,71.24718257,50.12021037,50.5,0.02020202,1,0.030612245,1.5,-12,-0.113636364,0.181818182,1.0263,349950,-0.078957758,0.006739957,1.0936
202004,28206,"charlotte, nc",8412,9195,-3477,-7441,45.392562,19.67317806,71.11194591,157,0.715846995,65.5,2.488888889,112,94.5,-0.149253731,-0.197183099,1.5,368691,0.100898776,0.293879628,1.1522
202003,28262,"charlotte, nc",1328,60,54,411,97.184256,95.54111584,98.82739562,18.5,-0.229166667,-5.5,-0.513157895,-19.5,-41,0.107142857,0.841584158,5.4706,263695,0.05478,0.067405887,0.8241
202003,28273,"charlotte, nc",1971,81,6,635,96.508328,95.54111584,97.47553962,18.5,-0.026315789,-0.5,-0.513157895,-19.5,-41,-0.007142857,0.957746479,4.0882,285000,0,0.055572311,0.8906
202003,28213,"charlotte, nc",1585,177,-3,5,94.986556,91.75069087,98.22242139,26,0.083333333,2,-0.071428571,-2,-33.5,0.2265625,0.495238095,4.6176,198576,-0.087006897,-0.165496788,0.6206
202003,28217,"charlotte, nc",4081,188,1715,125,94.805437,90.35775637,99.25311823,28,-0.611111111,-44,-0.222222222,-8,-31.5,0.282352941,0.535211268,6.4118,239500,0.14047619,0.355097884,0.7484
202003,28212,"charlotte, nc",1702,263,-131,-215,93.85503,89.87601763,97.83404287,28.5,0.017857143,0.5,0.357142857,7.5,-31,-0.268656716,-0.092592593,4.3235,217375,0.035119048,-0.001623909,0.6793
202003,28208,"charlotte, nc",2204,623,131,717,90.077676,88.79677347,91.35857794,30,-0.142857143,-5,-0.302325581,-13,-29.5,0,0.525423729,2.6471,247000,-0.117541979,-0.284057971,0.7719
202003,28270,"charlotte, nc",2561,683,947,364,89.502577,89.17394876,89.83120472,29.5,-0.508333333,-30.5,-0.280487805,-11.5,-30,-0.236363636,0.35483871,2.4706,529500,0.010496183,0.091881223,1.6547
202003,28214,"charlotte, nc",2030,691,-150,182,89.431623,86.17521846,92.68802749,33,-0.029411765,-1,-0.25,-11,-26.5,-0.058823529,0.170731707,2.8235,278740,0.042018692,0.055273718,0.8711
202003,28216,"charlotte, nc",589,738,113,-207,89.011502,82.60885802,95.41414594,36.5,-0.151162791,-6.5,-0.013513514,-0.5,-23,0.018018018,0.329411765,3.3235,247500,-0.042516151,0.00218485,0.7734
202003,28277,"charlotte, nc",86,963,-131,1726,87.338487,88.37851968,86.29845395,30.5,-0.152777778,-5.5,-0.37755102,-18.5,-29,-0.168539326,0.608695652,2.1765,450950,0.04872093,0.052075338,1.4092
202003,28269,"charlotte, nc",45,1119,-510,-33,86.393681,82.14952573,90.63783703,37,0.193548387,6,-0.119047619,-5,-22.5,-0.043956044,0.359375,2.5588,282499.5,-0.021816136,0.138455095,0.8828
202003,28227,"charlotte, nc",482,1492,-433,-26,83.781462,76.41347375,91.14945104,42.5,-0.055555556,-2.5,-0.166666667,-8.5,-17,-0.118811881,0.171052632,2.6176,370000,-0.039058381,0.026576032,1.1563
202003,28209,"charlotte, nc",3826,1980,2100,-210,80.515722,85.26402271,75.76742102,34,-0.613636364,-54,-0.209302326,-9,-25.5,-0.291139241,0.098039216,1.6471,689500,0.1032,0.210104049,2.1547
202003,28215,"charlotte, nc",492,2061,-1588,-1038,80.110539,72.00687131,88.21420569,46.5,0.86,21.5,0.056818182,2.5,-13,-0.112359551,0.097222222,2.3235,255740,0.052427984,0.101649231,0.7992
202003,28210,"charlotte, nc",464,2421,1734,-280,77.882964,77.1118082,78.65411905,42,-0.5,-42,-0.086956522,-4,-17.5,-0.154929577,0.2,1.7647,450000,0.046511628,0.131181097,1.4063
202003,28204,"charlotte, nc",10785,3004,-1225,1867,74.452909,55.3215326,93.58428561,63,0.086206897,5,-0.284090909,-25,3.5,0.086021505,0.803571429,2.9706,617000,-0.092647059,-0.059655998,1.9281
202003,28226,"charlotte, nc",1124,3385,382,-133,72.557697,67.0587796,78.05661364,51,-0.37037037,-30,-0.037735849,-2,-8.5,-0.213333333,0.311111111,1.7353,607500,0.056521739,-0.048870499,1.8985
202003,28278,"charlotte, nc",5032,3457,47,1227,72.189857,69.31809695,75.06161775,49,-0.268656716,-18,-0.155172414,-9,-10.5,-0.126984127,0.447368421,1.6176,399250,0.021102356,0.076974952,1.2477
202003,28207,"charlotte, nc",9623,3882,1701,1542,69.962282,67.64134737,72.28321757,50.5,-0.536697248,-58.5,-0.352564103,-27.5,-9,-0.324675325,0.155555556,1.5294,1568250,0.085294118,0.095037406,4.9008
202003,28203,"charlotte, nc",6166,3887,-693,-2104,69.93054,60.61692434,79.24415565,57.5,-0.201388889,-14.5,0.474358974,18.5,-2,-0.175675676,0.29787234,1.7941,637000,0.061843641,0.146360902,1.9906
202003,28202,"charlotte, nc",7277,4691,827,-2535,66.218538,68.60482486,63.83225035,49.5,-0.34,-25.5,0.302631579,11.5,-10,-0.083333333,0.047619048,1.2941,379950,-0.025519364,0.101760563,1.1874
202003,28211,"charlotte, nc",2613,5002,431,-745,64.904026,67.0587796,62.74927179,51,-0.406976744,-35,-0.089285714,-5,-8.5,-0.232142857,0.102564103,1.2647,950000,0.117648374,0.178033658,2.9688
202003,28205,"charlotte, nc",630,5187,2251,-445,64.015236,70.46082605,57.56964672,48,-0.376623377,-29,0.090909091,4,-11.5,0.083333333,0.344827586,1.1471,437023,-5.60E-04,0.165705521,1.3657
202003,28206,"charlotte, nc",8412,5718,-2963,-4970,61.671895,40.54447681,82.79931287,91.5,0.550847458,32.5,3.159090909,69.5,32,0,0.288461538,1.9706,334900,0.0465625,0.028201754,1.0466
202002,28273,"charlotte, nc",1971,87,-23,681,96.328723,95.61677448,97.04067217,19,-0.37704918,-11.5,-0.6,-28.5,-62,0.12,1.028985507,3.6842,285000,0.075471698,0.04587156,0.9194
202002,28262,"charlotte, nc",1328,114,-104,40,95.956948,93.55714179,98.35675515,24,0.170731707,3.5,-0.333333333,-12,-57,-0.176470588,0.302325581,4.4211,250000,-0.061032864,0.031140441,0.8065
202002,28212,"charlotte, nc",1702,132,490,-69,95.52569,92.02171165,99.02966763,28,-0.537190083,-32.5,-0.034482759,-1,-53,0.467153285,0.456521739,5.2895,210000,-0.045454545,-0.004503437,0.6774
202002,28213,"charlotte, nc",1585,174,273,-18,94.876943,93.55714179,96.19674325,24,-0.571428571,-32,-0.323943662,-11.5,-57,-0.022900763,0.05785124,3.3684,217500,-0.003436426,-0.099378882,0.7016
202002,28215,"charlotte, nc",492,473,9,573,91.220537,93.11844747,89.32262622,25,-0.253731343,-8.5,-0.53271028,-28.5,-56,0.219178082,0.328358209,2.3421,243000,0.030097499,0.073084566,0.7839
202002,28214,"charlotte, nc",2030,541,-174,819,90.43981,88.38947134,92.49014797,34,-0.160493827,-6.5,-0.46875,-30,-47,0.2,0.397260274,2.6842,267500,0.070256862,0.064168357,0.8629
202002,28269,"charlotte, nc",45,609,-250,479,89.802216,89.63491709,89.96951446,31,-0.279069767,-12,-0.360824742,-17.5,-50,0.02247191,0.542372881,2.3947,288800,0.090016984,0.22893617,0.9316
202002,28208,"charlotte, nc",2204,754,27,259,88.597665,87.54554242,89.64978809,35,-0.306930693,-15.5,-0.3,-15,-46,0.184210526,0.428571429,2.3684,279900,0.122068551,-0.066066066,0.9029
202002,28277,"charlotte, nc",86,832,178,2074,87.948918,86.5714923,89.32634397,36,-0.345454545,-19,-0.428571429,-27,-45,0.219178082,1.069767442,2.3421,430000,0.019696747,0.041288292,1.3871
202002,28216,"charlotte, nc",589,851,-394,-358,87.744442,81.37036211,94.11852182,43,-0.113402062,-5.5,-0.065217391,-3,-38,0.206521739,0.290697674,2.9211,258490,0.02392553,0.17258273,0.8338
202002,28227,"charlotte, nc",482,1059,-54,-181,86.160681,80.00966615,92.31169604,45,-0.285714286,-18,-0.181818182,-10,-36,0.074468085,0.294871795,2.6579,385039,0.05490137,0.166784848,1.2421
202002,28270,"charlotte, nc",2561,1630,-46,211,82.227303,70.5145364,93.94006989,60,-0.166666667,-12,-0.111111111,-7.5,-21,0.145833333,0.71875,2.8947,524000,0.098532495,0.084886128,1.6903
202002,28204,"charlotte, nc",10785,1779,104,2102,81.253253,72.09457952,90.41192654,58,-0.226666667,-17,-0.296969697,-24.5,-23,0,0.9375,2.4474,680000,-0.0137781,-0.02087833,2.1935
202002,28217,"charlotte, nc",4081,1903,-1135,-1498,80.409324,62.4098446,98.40880363,72,0.142857143,9,0.5,24,-9,0.317829457,0.382113821,4.4737,210000,-0.058992225,0.155147281,0.6774
202002,28206,"charlotte, nc",8412,2755,-1581,-1842,75.345751,71.31385233,79.3776489,59,0.340909091,15,0.191919192,9.5,-22,0.13559322,0,1.7632,320000,-0.128745543,0.001564945,1.0323
202002,28203,"charlotte, nc",6166,3194,80,-1110,72.916202,62.4098446,83.4225593,72,-0.186440678,-16.5,0.24137931,14,-9,-0.097560976,0.510204082,1.9474,599900,0,0.255020921,1.9352
202002,28278,"charlotte, nc",5032,3504,1678,2462,71.325006,65.64428582,77.00572533,67,-0.251396648,-22.5,-0.263736264,-24,-14,0.188679245,0.702702703,1.6579,390999,-0.023479021,0.04642135,1.2613
202002,28226,"charlotte, nc",1124,3767,-667,-56,70.083278,56.15287382,84.01368131,81,-0.012195122,-1,0,0,0,0.056338028,0.5625,1.9737,575000,0.029082774,-0.060457516,1.8548
202002,28209,"charlotte, nc",3826,4080,652,-2586,68.590602,51.42389769,85.75730538,88,-0.106598985,-10.5,0.76,38,7,0.161764706,0.549019608,2.0789,625000,0.057619088,0.218436405,2.0161
202002,28210,"charlotte, nc",464,4155,-537,-1375,68.276452,54.66949216,81.88341141,84,0.018181818,1.5,0.253731343,17,3,0.126984127,0.510638298,1.8684,430000,0.036144578,0.116883117,1.3871
202002,28211,"charlotte, nc",2613,5433,1189,-876,62.31876,53.07829578,71.55922373,86,-0.14,-14,0.068322981,5.5,5,0.142857143,0.365853659,1.4737,849999,-0.028572571,0.030364265,2.7419
202002,28202,"charlotte, nc",7277,5518,-957,-2292,61.939549,60.40597814,63.47312068,75,-0.112426036,-9.5,0.171875,11,-6,-0.111111111,0.170731707,1.2632,389900,0.069831253,0.1682397,1.2577
202002,28207,"charlotte, nc",9623,5583,-921,-368,61.610529,38.32255186,84.89850547,109,0.101010101,10,0.135416667,13,28,0.1,0.711111111,2.0263,1445000,0.07037037,0.045207957,4.6613
202002,28205,"charlotte, nc",630,7438,-482,-2308,53.438917,59.35757305,47.52026173,77,-0.055214724,-4.5,0.222222222,14,-4,0.028571429,0.2,0.9474,437268,-9.24E-04,0.166359029,1.4105
202001,28262,"charlotte, nc",1328,10,163,334,98.584959,97.67903268,99.49088459,20.5,-0.581632653,-28.5,-0.640350877,-36.5,-65,0.36,0.961538462,5.6667,266250,0.009478673,0.152597403,0.8875
202001,28273,"charlotte, nc",1971,64,-9,626,96.625239,96.14419945,97.10627784,30.5,-0.207792208,-8,-0.419047619,-22,-55,0.358695652,1.118644068,3.4722,265000,0.021391405,-0.010085917,0.8833
202001,28269,"charlotte, nc",45,359,-96,289,92.19294,92.34455134,92.04132819,43,-0.065217391,-3,-0.165048544,-8.5,-42.5,0.236111111,0.508474576,2.4722,264950,0.024951644,0.139520881,0.8832
202001,28214,"charlotte, nc",2030,367,-112,1207,92.151761,93.31411672,90.98940591,40.5,-0.10989011,-5,-0.46,-34.5,-45,0.180555556,0.180555556,2.3611,249940,0.063574468,-0.034290903,0.8331
202001,28213,"charlotte, nc",1585,447,-68,151,91.288886,85.08591323,97.4918579,56,0.037037037,2,-0.096774194,-6,-29.5,0.336734694,0.455555556,3.6389,218250,-0.040659341,-0.025669643,0.7275
202001,28216,"charlotte, nc",589,457,-20,-208,91.182196,89.71661738,92.64777449,48.5,-0.03960396,-2,-0.03,-1.5,-37,0.314285714,0.033707865,2.5556,252450,-0.019240295,0.163887,0.8415
202001,28215,"charlotte, nc",492,482,470,-10,90.980047,95.40673081,86.55336353,33.5,-0.33,-16.5,-0.309278351,-15,-52,0.489795918,0.140625,2.0278,235900,-0.00422119,0.053360125,0.7863
202001,28212,"charlotte, nc",1702,622,-531,-482,89.658593,81.52210534,97.79508105,60.5,0.423529412,18,0.260416667,12.5,-25,0.356435644,-0.11038961,3.8056,220000,0,0.102756892,0.7333
202001,28217,"charlotte, nc",4081,768,-633,488,88.34837,79.33590387,97.36083555,63,0.384615385,17.5,-0.176470588,-13.5,-22.5,0.316326531,0.040322581,3.5833,223165,-0.043851757,0.246731844,0.7439
