Market_Hotness.csv
month_date_yyyymm,postal_code,zip_name,nielsen_hh_rank,hotness_rank,hotness_rank_mm,hotness_rank_yy,hotness_score,supply_score,demand_score,median_days_on_market,median_days_on_market_mm,median_dom_mm_day,median_days_on_market_yy,median_dom_yy_day,median_dom_vs_us,ldp_unique_viewers_per_property_mm,ldp_unique_viewers_per_property_yy,ldp_unique_viewers_per_property_vs_us,median_listing_price,median_listing_price_mm,median_listing_price_yy,median_listing_price_vs_us
201905,28206,"charlotte, nc",8412,416,1338,3635,91.562523,90.37565629,92.74938993,26.5,-0.411111111,-18.5,-0.624113475,-44,-29.5,0.028169014,-0.277227723,2.7037,267450,-0.061414283,-0.149602544,0.8235
201905,28215,"charlotte, nc",492,527,992,904,90.495822,87.09975597,93.89188789,30,-0.302325581,-13,-0.25,-10,-26,0.054794521,-0.012820513,2.8519,231950,0.001325933,-0.01507431,0.7142
201905,28269,"charlotte, nc",45,659,74,322,89.170302,87.64327442,90.69733047,29.5,-0.032786885,-1,-0.016666667,-0.5,-26.5,-0.029411765,0.118644068,2.4444,263500,0.01934236,0.060383509,0.8114
201905,28216,"charlotte, nc",589,867,12,1235,87.401094,82.1896029,92.61258596,34.5,-0.067567568,-2.5,-0.273684211,-13,-21.5,-0.152941176,-0.1,2.6667,262850.5,0,0.082825599,0.8094
201905,28227,"charlotte, nc",482,1032,-48,280,86.271537,80.22997856,92.31309621,36,0,0,-0.04,-1.5,-20,-0.02739726,0,2.6296,364163,-0.022896459,0.034553977,1.1214
201905,28204,"charlotte, nc",10785,1041,75,37,86.197589,86.18649708,86.20868151,31,-0.114285714,-4,0,0,-25,-0.109375,-0.017241379,2.1111,492400,-0.168243243,0.339863946,1.5162
201905,28273,"charlotte, nc",1971,1101,-177,337,85.759447,84.02351549,87.49537824,33,0.047619048,1.5,-0.142857143,-5.5,-23,-0.063492063,-0.157142857,2.1852,268500,-0.005521354,0.07636801,0.8268
201905,28214,"charlotte, nc",2030,1237,746,1131,84.689048,75.73393478,93.6441618,39.5,-0.225490196,-11.5,-0.177083333,-8.5,-16.5,-0.105882353,0.101449275,2.8148,281950,-0.016276189,0.092871817,0.8682
201905,28270,"charlotte, nc",2561,1850,-614,1086,80.265104,77.9264956,82.60371219,38,0.070422535,2.5,-0.061728395,-2.5,-18,-0.163934426,0.243902439,1.8889,449450,-0.028111147,-0.139643951,1.384
201905,28277,"charlotte, nc",86,2751,503,1116,74.977816,77.9264956,72.02913555,38,-0.11627907,-5,-0.105882353,-4.5,-18,-0.047619048,0.142857143,1.4815,435000,-0.035798475,-0.089004282,1.3395
201905,28208,"charlotte, nc",2204,3001,-276,-1527,73.591289,64.63802411,82.54455372,48,-0.020408163,-1,0.215189873,8.5,-8,-0.089285714,-0.291666667,1.8889,346249.5,0.017782187,0.979699828,1.0662
201905,28210,"charlotte, nc",464,3606,-850,-745,70.415219,67.6403165,73.19012054,45.5,0.096385542,4,0.096385542,4,-10.5,-0.088888889,-0.046511628,1.5185,424950,0.048445651,-0.005964912,1.3085
201905,28209,"charlotte, nc",3826,3788,-169,-2101,69.599941,71.46713007,67.73275161,42.5,-0.095744681,-4.5,0.197183099,7,-13.5,-0.139534884,-0.288461538,1.3704,544950,-0.008641077,0.027286866,1.678
201905,28202,"charlotte, nc",7277,5942,-551,-730,60.169711,52.72128965,67.61813207,58,0.183673469,9,0.221052632,10.5,2,0.121212121,0.233333333,1.3704,358900,0.032487414,0.087905426,1.1051
201905,28203,"charlotte, nc",6166,6053,-1642,-4073,59.716779,51.89307106,67.54048658,59,0.145631068,7.5,0.903225806,28,3,-0.097560976,-0.097560976,1.3704,591450,0.050306328,0.002457627,1.8212
201905,28278,"charlotte, nc",5032,6806,-116,-656,56.42424,58.34504178,54.50343859,53,-0.123966942,-7.5,-0.018518519,-1,-3,-0.121212121,0,1.0741,374950,0.018431213,-0.107260842,1.1546
201905,28226,"charlotte, nc",1124,6899,-879,-2602,56.023072,53.72328625,58.32285735,57,-0.008695652,-0.5,0.128712871,6.5,1,-0.114285714,-0.205128205,1.1481,612450,-0.02008,-0.070637329,1.8859
201905,28211,"charlotte, nc",2613,7230,-685,-3040,54.577387,49.1643866,59.99038675,61.5,0.078947368,4.5,0.217821782,11,5.5,0,-0.2,1.1852,775000,0,-0.074626866,2.3864
201905,28205,"charlotte, nc",630,7750,-872,-3428,52.366339,61.18464838,43.54802928,50.5,0.041237113,2,0.21686747,9,-5.5,-0.076923077,-0.225806452,0.8889,375042,0.010350216,0.179748349,1.1548
201905,28207,"charlotte, nc",9623,8717,-1135,-5278,47.844413,31.11365821,64.57516823,88.5,0.023121387,2,0.882978723,41.5,32.5,-0.125,-0.204545455,1.2963,1415000,-0.001512097,0.023508137,4.3571
201904,28213,"charlotte, nc",1585,304,-122,190,92.881726,90.42261861,95.3408334,27,-0.035714286,-1,-0.142857143,-4.5,-31.5,-0.104761905,-0.216666667,3.3571,243450,0.023083388,0.075309187,0.7644
201904,28262,"charlotte, nc",1328,402,69,-100,91.77152,87.18821701,96.354822,31,-0.184210526,-7,0.148148148,4,-27.5,0.01980198,-0.1953125,3.6786,249542.8571,0.010119702,0.022926244,0.7835
201904,28212,"charlotte, nc",1702,599,-551,-29,89.647324,81.12648953,98.16815928,36.5,0.738095238,15.5,0.089552239,3,-22,-0.172839506,-0.04964539,4.7857,214778.5714,-0.01354898,0.130419483,0.6743
201904,28269,"charlotte, nc",45,733,353,-131,88.394641,87.53238102,89.25690178,30.5,-0.273809524,-11.5,0.196078431,5,-28,0.0625,0,2.4286,258500,0.04173863,0.077083333,0.8116
201904,28216,"charlotte, nc",589,879,-348,87,87.225224,80.64169936,93.80874843,37,0,0,0,0,-21.5,0,-0.105263158,3.0357,262850.5,0.064342581,0.051612322,0.8253
201904,28273,"charlotte, nc",1971,924,-208,214,86.862556,86.56280068,87.16231219,31.5,-0.171052632,-6.5,-0.148648649,-5.5,-27,-0.112676056,-0.202531646,2.25,269990.7143,-1.85E-05,0.08691914,0.8477
201904,28227,"charlotte, nc",482,984,482,524,86.377766,81.75930723,90.9962253,36,-0.294117647,-15,-0.088607595,-3.5,-22.5,-0.039473684,0.042857143,2.6071,372696.4286,0.034057353,0.033940966,1.1702
201904,28204,"charlotte, nc",10785,1116,3755,-398,85.252757,82.98793576,87.51757827,35,-0.602272727,-53,0.129032258,4,-23.5,0.142857143,-0.189873418,2.2857,592000,-0.097757457,0.591397849,1.8587
201904,28270,"charlotte, nc",2561,1236,-189,579,84.235068,82.23669603,86.23343942,35.5,-0.134146341,-5.5,0,0,-23,-0.016129032,0.173076923,2.1786,462450,-0.04638249,-0.065568802,1.452
201904,28217,"charlotte, nc",4081,1508,-1195,-1282,82.36437,65.83524536,98.89349419,50,0.388888889,14,1.325581395,28.5,-8.5,0.183098592,0.68,6,175342.5,-0.007907095,-0.256708351,0.5505
201904,28215,"charlotte, nc",492,1519,-496,174,82.297757,73.62519429,90.97032048,43,-0.022727273,-1,-0.044444444,-2,-15.5,0.013888889,-0.151162791,2.6071,231642.8571,-0.002153846,0.02952381,0.7273
201904,28206,"charlotte, nc",8412,1754,-1006,86,80.823033,71.53430538,90.11176079,45,1.045454545,23,0,0,-13.5,0.365384615,-0.077922078,2.5357,284950,-0.125153509,-0.080806452,0.8947
201904,28214,"charlotte, nc",2030,1983,-1110,-719,79.374214,64.93597809,93.81244912,51,0.159090909,7,0.307692308,12,-7.5,0.036585366,0.0625,3.0357,286615,0.085087454,0.153426697,0.8999
201904,28208,"charlotte, nc",2204,2725,-1385,-1201,75.111021,66.91584635,83.30619495,49,0.139534884,6,0.166666667,7,-9.5,-0.050847458,-0.3,2,340200,-0.013913043,1.080097829,1.0681
201904,28210,"charlotte, nc",464,2756,-615,613,74.898231,75.37561987,74.42084228,41.5,-0.097826087,-4.5,-0.107526882,-5,-17,-0.1,0,1.6071,405314.2857,0.018853018,-0.099301587,1.2726
201904,28277,"charlotte, nc",86,3254,-565,-394,72.457627,73.62519429,71.29005995,43,-0.12244898,-6,0.131578947,5,-15.5,-0.086956522,0.024390244,1.5,451150.5,0.052543108,-0.042143312,1.4165
201904,28209,"charlotte, nc",3826,3619,-1849,-2080,70.675746,69.12885797,72.22263341,47,0.093023256,4,0.362318841,12.5,-11.5,-0.156862745,-0.232142857,1.5357,549700,-0.035251348,0.062304333,1.7259
201904,28203,"charlotte, nc",6166,4411,-2628,-2787,66.973207,64.08852046,69.85789357,51.5,0.320512821,12.5,0.450704225,16,-7,-0.127659574,-0.267857143,1.4643,563121.4286,0.013407204,-0.027340135,1.768
201904,28202,"charlotte, nc",7277,5391,-3235,-641,62.678558,66.91584635,58.44127008,49,0.289473684,11,0.065217391,3,-9.5,-0.214285714,0,1.1786,347607.1429,0.007974316,-0.019996778,1.0914
201904,28226,"charlotte, nc",1124,6020,-2768,-1862,60.110281,58.18222189,62.03833913,57.5,0.08490566,4.5,0.173469388,8.5,-1,-0.222222222,-0.125,1.25,625000,-0.021471707,-0.073387695,1.9623
201904,28211,"charlotte, nc",2613,6545,-2288,-1325,57.888017,58.68921619,57.08681815,57,0.017857143,1,-0.05785124,-3.5,-1.5,-0.179487179,-0.219512195,1.1429,775000,-0.038972542,-0.133545754,2.4333
201904,28278,"charlotte, nc",5032,6690,-2006,-941,57.190437,55.60284213,58.77803271,60.5,0.043103448,2.5,0.130841121,7,2,-0.131578947,0.03125,1.1786,368164.2857,-0.006878613,-0.12830608,1.1559
201904,28205,"charlotte, nc",630,6878,-2136,-4823,56.276367,67.33032344,45.22241137,48.5,0.102272727,4.5,0.901960784,23,-10,-0.103448276,-0.333333333,0.9286,371200,-0.009869298,0.167662787,1.1655
201904,28207,"charlotte, nc",9623,7582,-2158,-4126,53.27881,37.93205536,68.62556435,86.5,0.108974359,8.5,0.67961165,35,28,-0.111111111,-0.215686275,1.4286,1417142.857,-0.010473815,0.053833692,4.4494
201903,28212,"charlotte, nc",1702,48,15,708,95.431857,95.75537972,95.10833395,21,-0.275862069,-8,-0.447368421,-17,-44,0.173913043,0.051948052,5.5862,217728.5714,0.032133546,0.209609895,0.7082
201903,28213,"charlotte, nc",1585,182,-26,478,92.912076,92.76048214,93.0636693,28,-0.211267606,-7.5,-0.2,-7,-37,-0.132231405,-0.094827586,3.6207,237957.1429,-0.014670216,0.133129252,0.774
201903,28217,"charlotte, nc",4081,313,92,1907,91.043038,87.2883236,94.79775198,36,-0.25,-12,-0.357142857,-20,-29,0.154471545,0.479166667,4.8966,176740,-0.027806045,-0.177570963,0.5749
201903,28262,"charlotte, nc",1328,471,-317,-350,89.125934,85.52835909,92.7235081,38,0.055555556,2,0.727272727,16,-27,-0.217054264,-0.360759494,3.4828,247042.8571,0.018943523,0.008338192,0.8036
201903,28216,"charlotte, nc",589,531,-38,483,88.486283,86.40464394,90.56792132,37,-0.195652174,-9,-0.051282051,-2,-28,-0.011627907,-0.095744681,2.931,246960.4286,0.120281379,0.033307233,0.8033
201903,28273,"charlotte, nc",1971,716,52,13,86.328847,85.52835909,87.12933521,38,-0.2,-9.5,0.1875,6,-27,0.028985507,-0.174418605,2.4483,269995.7143,-0.009190039,0.102023324,0.8782
201903,28206,"charlotte, nc",8412,748,165,3402,86.031206,95.32648081,76.73593138,22,-0.555555556,-27.5,-0.758241758,-69,-43,-0.223880597,-0.458333333,1.7931,325714.2857,0.019450034,0.050691244,1.0595
201903,28214,"charlotte, nc",2030,873,487,-282,85.064335,80.15233306,89.97633661,44,-0.3125,-20,0.466666667,14,-21,0.123287671,-0.078651685,2.8276,264140,0.050801607,0.078122449,0.8592
201903,28215,"charlotte, nc",492,1023,23,-73,83.794276,80.15233306,87.43621977,44,-0.177570093,-9.5,0.189189189,7,-21,0.074626866,-0.172413793,2.4828,232142.8571,0.025139577,0.060497292,0.7551
201903,28270,"charlotte, nc",2561,1047,794,363,83.635288,83.7794868,83.49108926,41,-0.392592593,-26.5,0.242424242,8,-24,-0.03125,0.087719298,2.1379,484942.8571,0.004022479,-0.076281725,1.5774
201903,28269,"charlotte, nc",45,1086,2,-354,83.424536,82.37817052,84.47090143,42,-0.134020619,-6.5,0.4,12,-23,0.084745763,-0.168831169,2.2069,248142.8571,0.055927052,-0.007388867,0.8072
201903,28208,"charlotte, nc",2204,1340,-327,-365,81.612808,81.32441026,81.90120535,43,-0.14,-7,0.162162162,6,-22,-0.063492063,-0.305882353,2.0345,345000,0.151151151,1.187698161,1.1222
201903,28227,"charlotte, nc",482,1466,-588,1745,80.81232,73.03852695,88.58611255,51,-0.072727273,-4,-0.215384615,-14,-14,-0.025641026,0.027027027,2.6207,360421.4286,0.092186147,-0.01389486,1.1724
201903,28209,"charlotte, nc",3826,1770,-276,-883,78.823116,81.32441026,76.32182208,43,-0.14,-7,0.535714286,15,-22,0,-0.19047619,1.7586,569785.7143,0.110796252,0.129529908,1.8534
201903,28203,"charlotte, nc",6166,1783,301,-348,78.743622,84.6151002,72.87214376,39,-0.327586207,-19,0.147058824,5,-26,-0.040816327,-0.175438596,1.6207,555671.4286,0.162492528,0.11156517,1.8075
201903,28210,"charlotte, nc",464,2141,639,237,76.715596,77.84885011,75.5823412,46,-0.313432836,-21,0.069767442,3,-19,0.063829787,-0.019607843,1.7241,397814.2857,0.033283859,-0.170373328,1.294
201903,28202,"charlotte, nc",7277,2156,1070,3297,76.632404,85.52835909,67.73644901,38,-0.40625,-26,-0.254901961,-13,-27,0.024390244,0.35483871,1.4483,344857.1429,0.033279829,-0.02829771,1.1217
201903,28277,"charlotte, nc",86,2689,217,-394,73.742882,75.40856319,72.0772018,49,-0.222222222,-14,0.441176471,15,-16,0.069767442,0.069767442,1.5862,428629,0.037968277,-0.142656266,1.3942
201903,28226,"charlotte, nc",1124,3252,459,628,70.884789,70.74983362,71.01974414,53,-0.345679012,-28,0.019230769,1,-12,-0.0625,0.046511628,1.5517,638714.2857,0.043650794,-0.052352692,2.0776
201903,28211,"charlotte, nc",2613,4257,300,-140,66.190934,68.26517785,64.11669008,56,-0.304347826,-24.5,-0.01754386,-1,-9,-0.048780488,-0.133333333,1.3448,806428.5714,-0.022451577,-0.051260504,2.6231
201903,28278,"charlotte, nc",5032,4684,1282,1300,64.210974,65.75094284,62.67100495,58,-0.362637363,-33,-0.107692308,-7,-7,0.027027027,0.085714286,1.3103,370714.2857,-0.007866149,-0.123604818,1.2059
201903,28205,"charlotte, nc",630,4742,388,-2258,63.966945,80.15233306,47.78155735,44,-0.301587302,-19,0.189189189,7,-21,-0.033333333,-0.325581395,1,374900,0,0.136404971,1.2195
201903,28204,"charlotte, nc",10785,4871,-990,-1816,63.355025,46.78695556,79.92309399,88,0.066666667,5.5,0.442622951,27,23,0.166666667,-0.222222222,1.931,656142.8571,-0.055229867,1.116589862,2.1343
201903,28207,"charlotte, nc",9623,5424,-209,-3194,61.103305,51.32367078,70.88294018,78,-0.1875,-18,0.772727273,34,13,0,-0.196428571,1.5517,1432142.857,0.035908034,0.102496426,4.6585
201902,28212,"charlotte, nc",1702,63,77,338,96.937145,94.77381705,99.10047207,29,-0.395833333,-19,-0.15942029,-5.5,-54,-0.103896104,0.104,4.9286,210950,0.057393484,0.009934171,0.7067
201902,28262,"charlotte, nc",1328,154,190,200,95.013567,91.15340297,98.87373155,36,-0.368421053,-21,0.043478261,1.5,-47,0.240384615,-0.222891566,4.6071,242450,0.0495671,0.155073845,0.8122
201902,28213,"charlotte, nc",1585,156,442,167,94.965246,91.40244582,98.5280452,35.5,-0.427419355,-26.5,0.092307692,3,-47.5,0.344444444,-0.135714286,4.3214,241500,0.078125,0.123255814,0.809
201902,28217,"charlotte, nc",4081,405,851,15,91.382002,84.10957886,98.65442516,48,-0.37254902,-28.5,0.684210526,19.5,-35,-0.008064516,0.447058824,4.3929,181795,0.015614525,-0.212667822,0.609
201902,28216,"charlotte, nc",589,493,-244,130,90.383972,85.42541724,95.34252686,46,-0.08,-4,0.210526316,8,-37,-0.033707865,-0.054945055,3.0714,220445,0.016332223,-0.09074223,0.7385
201902,28273,"charlotte, nc",1971,768,-78,537,87.770881,84.41809464,91.12366651,47.5,-0.095238095,-5,-0.077669903,-4,-35.5,0.169491525,-0.092105263,2.4643,272500,0.017930519,0.112471933,0.9129
201902,28227,"charlotte, nc",482,878,157,1834,86.934543,80.07285433,93.7962309,55,-0.166666667,-11,-0.308176101,-24.5,-28,0.130434783,-0.012658228,2.7857,330000,0.064550469,-0.054349134,1.1055
201902,28206,"charlotte, nc",8412,913,-701,1223,86.670632,83.17659741,90.16466565,49.5,0.269230769,10.5,-0.326530612,-24,-33.5,-0.082191781,-0.316326531,2.3929,319500,0.121446121,0.278,1.0704
201902,28208,"charlotte, nc",2204,1013,1451,105,85.890049,82.9052522,88.87484667,50,-0.411764706,-35,-0.038461538,-2,-33,-0.086956522,-0.315217391,2.25,299700,-0.105373134,0.965245902,1.004
201902,28215,"charlotte, nc",492,1046,-574,-2,85.642865,80.92406051,90.3616697,53.5,0.103092784,5,0.07,3.5,-29.5,0.046875,-0.263736264,2.3929,226450,0.011163206,0.029786266,0.7586
201902,28269,"charlotte, nc",45,1088,-440,-601,85.330632,83.65238078,87.00888377,48.5,-0.058252427,-3,0.492307692,16,-34.5,0,-0.329545455,2.1071,235000,0.010709217,0.037573403,0.7873
201902,28214,"charlotte, nc",2030,1360,214,354,83.208192,73.97316284,92.44322195,64,-0.146666667,-11,-0.015384615,-1,-19,0.013888889,-0.206521739,2.6071,251370,-0.028765721,0.030247141,0.8421
201902,28209,"charlotte, nc",3826,1494,1837,-1213,82.334684,82.9052522,81.76411553,50,-0.346405229,-26.5,2.03030303,33.5,-33,0.186046512,-0.346153846,1.8214,512952.5,0.025905,0.067039368,1.7184
201902,28270,"charlotte, nc",2561,1841,400,-128,80.36836,71.44556369,89.29115712,67.5,-0.140127389,-11,0.23853211,13,-15.5,0.049180328,0,2.2857,483000,-0.030120482,-0.018292683,1.6181
201902,28203,"charlotte, nc",6166,2084,511,3213,79.032078,78.00988737,80.05426904,58,-0.246753247,-19,-0.428571429,-43.5,-25,-0.039215686,-0.039215686,1.75,478000,0.007376185,-0.070852367,1.6013
201902,28210,"charlotte, nc",464,2780,-141,-55,75.123592,71.85072297,78.39646136,67,-0.082191781,-6,-0.02189781,-1.5,-16,0.02173913,-0.175438596,1.6786,385000,0.02271218,-0.181721573,1.2898
201902,28277,"charlotte, nc",86,2906,402,-972,74.424785,74.66825261,74.18131807,63,-0.187096774,-14.5,0.384615385,17.5,-20,-0.022727273,-0.14,1.5357,412950,-0.022372159,-0.152836188,1.3834
201902,28202,"charlotte, nc",7277,3226,717,1035,72.804148,73.97316284,71.63513363,64,-0.135135135,-10,-0.044776119,-3,-19,0.108108108,0.108108108,1.4643,333750,0.026923077,-0.05720339,1.1181
201902,28226,"charlotte, nc",1124,3711,1368,1541,70.533026,61.79979928,79.26625283,81,-0.15625,-15,-0.198019802,-20,-2,0.090909091,-0.058823529,1.7143,612000,0.021702838,-0.112914915,2.0503
201902,28204,"charlotte, nc",10785,3881,-924,-2342,69.798907,60.65494555,78.94286883,82.5,-0.006024096,-0.5,0.375,22.5,-0.5,-0.111111111,-0.428571429,1.7143,694500,0.143209877,0.469996825,2.3266
201902,28211,"charlotte, nc",2613,4557,-653,-118,66.944207,62.08601271,71.80240122,80.5,0.012578616,1,-0.052941176,-4.5,-2.5,0,-0.127659574,1.4643,824950,0.134731774,-0.082369299,2.7637
201902,28205,"charlotte, nc",630,5130,381,-1998,64.422183,74.66825261,54.17611419,63,-0.118881119,-8.5,-0.007874016,-0.5,-20,0.071428571,-0.347826087,1.0714,374900,0.031363179,0.071448985,1.2559
201902,28207,"charlotte, nc",9623,5215,-553,-3698,64.05977,51.74515853,76.37438204,96,-0.04,-4,0.86407767,44.5,13,-0.134615385,-0.318181818,1.6071,1382500,0.024074074,0.067567568,4.6315
201902,28278,"charlotte, nc",5032,5966,-330,434,60.831506,55.14998327,66.51302829,91,0.045977011,4,-0.031914894,-3,8,0.057142857,0.057142857,1.3214,373653.5,-0.023079578,-0.126338888,1.2518
