Market_Hotness.csv
month_date_yyyymm,postal_code,zip_name,nielsen_hh_rank,hotness_rank,hotness_rank_mm,hotness_rank_yy,hotness_score,supply_score,demand_score,median_days_on_market,median_days_on_market_mm,median_dom_mm_day,median_days_on_market_yy,median_dom_yy_day,median_dom_vs_us,ldp_unique_viewers_per_property_mm,ldp_unique_viewers_per_property_yy,ldp_unique_viewers_per_property_vs_us,median_listing_price,median_listing_price_mm,median_listing_price_yy,median_listing_price_vs_us
201901,28212,"charlotte, nc",1702,140,158,107,95.401617,91.32611437,99.47711934,48,-0.094339623,-5,0.215189873,8.5,-39,0.833333333,0.305084746,5.7037,199500,-0.026829268,-0.026591852,0.6879
201901,28206,"charlotte, nc",8412,212,-169,194,93.947934,94.93807016,92.95779871,39,0.054054054,2,-0.142857143,-6.5,-48,-0.075949367,-0.262626263,2.7037,284900,-0.278734177,-0.080967742,0.9824
201901,28216,"charlotte, nc",589,249,295,276,93.280427,90.29518653,96.26566788,50,-0.107142857,-6,-0.038461538,-2,-37,0.534482759,-0.183486239,3.2963,216902.5,-0.035988889,-0.076991,0.7479
201901,28262,"charlotte, nc",1328,344,-281,265,91.915746,85.9749314,97.85656011,57,0.357142857,15,-0.017241379,-1,-30,0.195402299,-0.384615385,3.8519,231000,0.026666667,0.007853403,0.7966
201901,28215,"charlotte, nc",492,472,-79,436,90.58444,91.05911147,90.10976786,48.5,-0.010204082,-0.5,-0.18487395,-11,-38.5,0.254901961,-0.238095238,2.3704,223950,0.013807153,-0.012348401,0.7722
201901,28213,"charlotte, nc",1585,598,-426,-356,89.279092,82.15901506,96.39916932,62,0.476190476,20,0.512195122,21,-25,0.636363636,-0.333333333,3.3333,224000,-0.085714286,-0.014951627,0.7724
201901,28269,"charlotte, nc",45,648,401,-178,88.683898,89.40888526,87.95891122,51.5,-0.028301887,-1.5,0.072916667,3.5,-35.5,0.512820513,-0.391752577,2.1852,232510,-0.016371943,-0.031208333,0.8018
201901,28273,"charlotte, nc",1971,690,154,219,88.320478,88.7599199,87.88103538,52.5,-0.078947368,-4.5,-0.036697248,-2,-34.5,0.229166667,-0.157142857,2.1852,267700,-0.012140669,0.114977644,0.9231
201901,28227,"charlotte, nc",482,1035,-387,263,85.431655,79.0031892,91.86012015,66,0.2,11,0,0,-21,0.352941176,-0.1375,2.5556,309990,0.033644548,-0.081361407,1.0689
201901,28217,"charlotte, nc",4081,1256,-665,-1093,83.785137,68.69761922,98.87265445,76.5,0.254098361,15.5,1.390625,44.5,-10.5,0.148148148,0.07826087,4.5926,179000,-0.032432432,-0.005555556,0.6172
201901,28214,"charlotte, nc",2030,1574,-814,-439,81.567529,70.34784543,92.78721353,75,0.293103448,17,0.171875,11,-12,0.333333333,-0.142857143,2.6667,258815,-0.019640152,0.056430875,0.8925
201901,28270,"charlotte, nc",2561,2241,-465,-397,77.731217,66.72105614,88.74137803,78.5,0.171641791,11.5,0.097902098,7,-8.5,0.386363636,-0.115942029,2.2593,498000,0,0.022587269,1.7172
201901,28208,"charlotte, nc",2204,2464,74,-960,76.372098,60.91003486,91.83416154,85,0.133333333,10,0.205673759,14.5,-2,0.568181818,-0.224719101,2.5556,335000,0.080993869,1.161290323,1.1552
201901,28203,"charlotte, nc",6166,2595,230,1362,75.721279,68.34903211,83.09352518,77,0.115942029,8,-0.167567568,-15.5,-10,0.5,-0.089285714,1.8889,474500,-0.151162791,-0.15901077,1.6362
201901,28210,"charlotte, nc",464,2639,-1039,264,75.467255,72.22057406,78.71393607,73,0.280701754,16,-0.070063694,-5.5,-14,0.314285714,-0.132075472,1.7037,376450,-0.014270752,-0.194630155,1.2981
201901,28204,"charlotte, nc",10785,2957,-794,-194,73.904176,62.80501372,85.00333754,83,0.169014085,12,-0.034883721,-3,-4,0.255813953,-0.28,2,607500,0.0125,0.373036501,2.0948
201901,28277,"charlotte, nc",86,3308,-850,-843,72.205741,67.74456723,76.66691389,77.5,0.313559322,18.5,0.076388889,5.5,-9.5,0.466666667,-0.137254902,1.6296,422400,0.017831325,-0.124468857,1.4566
201901,28209,"charlotte, nc",3826,3331,-1627,-2287,72.079656,68.69761922,75.4616925,76.5,0.318965517,18.5,0.254098361,15.5,-10.5,0.228571429,-0.448717949,1.5926,500000,0.137656428,0.111234582,1.7241
201901,28211,"charlotte, nc",2613,3904,-569,56,69.446711,65.84217162,73.05124972,79.5,0.135714286,9.5,-0.096590909,-8.5,-7.5,0.322580645,-0.163265306,1.5185,727000,0.038719817,-0.131421744,2.5069
201901,28202,"charlotte, nc",7277,3943,-262,-489,69.265,71.32685604,67.2031447,74,0.042253521,3,0.027777778,2,-13,0.233333333,-0.051282051,1.3704,325000,0.041666667,-0.050956344,1.1207
201901,28207,"charlotte, nc",9623,4662,218,-2526,66.103612,48.41281614,83.79440777,100,0.098901099,9,0.27388535,21.5,13,0.485714286,-0.341772152,1.9259,1350000,0.08,0.37195122,4.6552
201901,28226,"charlotte, nc",1124,5079,-1353,188,64.165987,51.6798932,76.6520804,96,0.215189873,17,-0.123287671,-13.5,9,0.257142857,-0.2,1.6296,599000,0.015254237,-0.140540928,2.0655
201901,28205,"charlotte, nc",630,5511,-229,-2900,62.308092,73.67796484,50.9382185,71.5,0.134920635,8.5,0.07518797,5,-15.5,0.4,-0.348837209,1.037,363499.5,0.009720833,0.11846,1.2534
201901,28278,"charlotte, nc",5032,5636,-946,397,61.733294,59.17822443,64.28836312,87,0.175675676,13,-0.147058824,-15,0,0.296296296,-0.102564103,1.2963,382481,-0.025406929,-0.100044706,1.3189
201812,28206,"charlotte, nc",8412,43,719,447,97.004277,95.84101467,98.16753927,37,-0.301886792,-16,-0.274509804,-14,-44,0.295081967,-0.048192771,3.95,395000,0.321070234,0.274193548,1.3511
201812,28262,"charlotte, nc",1328,63,-39,116,96.443846,94.13022638,98.75746626,42,0.448275862,13,0.05,2,-39,0.144736842,-0.074468085,4.35,225000,-0.038461538,0.046998604,0.7696
201812,28213,"charlotte, nc",1585,172,-137,-56,93.909004,94.13022638,93.68778114,42,0.37704918,11.5,0.105263158,4,-39,-0.236111111,-0.508928571,2.75,245000,0.065222023,0.324324324,0.838
201812,28212,"charlotte, nc",1702,298,-207,-8,92.096822,85.63527763,98.5583659,53,0.432432432,16,0.177777778,8,-28,0.105263158,-0.023255814,4.2,205000,0.053987285,-0.059201469,0.7012
201812,28215,"charlotte, nc",492,393,-178,452,90.981491,89.80532409,92.15765799,49,0.289473684,11,-0.092592593,-5,-32,-0.055555556,-0.055555556,2.55,220900,-0.011389827,0.037576327,0.7556
201812,28216,"charlotte, nc",589,544,175,430,89.217241,83.76594646,94.66853477,56,0.131313131,6.5,-0.066666667,-4,-25,0.115384615,-0.147058824,2.9,225000,-0.021271043,4.45E-04,0.7696
201812,28217,"charlotte, nc",4081,591,814,-247,88.815353,78.21325861,99.41744709,61,-0.054263566,-3.5,0.386363636,17,-20,0.2,0.636363636,5.4,185000,0,-0.025803054,0.6328
201812,28227,"charlotte, nc",482,648,113,271,88.306541,84.44804955,92.16503208,55,0.111111111,5.5,-0.035087719,-2,-26,0.02,-0.089285714,2.55,299900,-0.034122933,-0.0628125,1.0258
201812,28214,"charlotte, nc",2030,760,-392,28,87.355284,81.36936804,93.34119903,58,0.397590361,16.5,0.054545455,3,-23,0.058823529,-0.068965517,2.7,264000,0.045399648,0.100458524,0.903
201812,28273,"charlotte, nc",1971,844,640,-527,86.652902,82.58977951,90.71602389,57,0.225806452,10.5,0.5,19,-24,0.411764706,-0.127272727,2.4,270990,0.042469706,0.033634408,0.9269
201812,28269,"charlotte, nc",45,1049,-588,-614,85.054568,85.63527763,84.47385886,53,0.394736842,15,0.177777778,8,-28,-0.071428571,-0.35,1.95,236380,-0.015079229,-0.048772636,0.8085
201812,28210,"charlotte, nc",464,1600,174,844,81.28641,82.58977951,79.9830396,57,0.14,7,-0.173913043,-12,-24,0.029411765,-0.078947368,1.75,381900,-0.025765306,-0.220612245,1.3063
201812,28209,"charlotte, nc",3826,1704,559,-156,80.644864,81.36936804,79.92035986,58,0.045045045,2.5,-0.079365079,-5,-23,0.029411765,-0.222222222,1.75,439500,0.014876777,0.04667778,1.5033
201812,28270,"charlotte, nc",2561,1776,125,-233,80.235602,72.13701054,88.33419364,67,0.155172414,9,0.063492063,4,-14,0.1,-0.022222222,2.2,498000,0,0.026804124,1.7034
201812,28204,"charlotte, nc",10785,2163,894,1169,78.043655,68.58270039,87.5046088,71,0.03649635,2.5,-0.211111111,-19,-10,0.102564103,-0.283333333,2.15,600000,0.008403361,0.348314607,2.0523
201812,28277,"charlotte, nc",86,2458,932,212,76.461913,80.3038124,72.62001327,59,0.072727273,4,-0.191780822,-14,-22,0.111111111,-0.25,1.5,415000,0.012318575,-0.124472574,1.4195
201812,28208,"charlotte, nc",2204,2538,702,-1454,76.085834,63.87434555,88.29732321,75,0.013513514,1,0.293103448,17,-6,0.023255814,-0.137254902,2.2,309900,0.121201158,0.950283197,1.06
201812,28203,"charlotte, nc",6166,2825,-8,-56,74.601799,70.68431532,78.51928324,69,0.104,6.5,-0.028169014,-2,-12,-0.028571429,-0.055555556,1.7,559000,-0.020930029,0.118223645,1.9121
201812,28211,"charlotte, nc",2613,3335,619,849,72.079861,69.94321953,74.21650321,70,0.06870229,4.5,-0.166666667,-14,-11,0.033333333,-0.060606061,1.55,699900,0.093764651,-0.146462374,2.394
201812,28202,"charlotte, nc",7277,3681,82,148,70.455719,68.58270039,72.32873682,71,0.14516129,9,0.044117647,3,-10,0.034482759,0.153846154,1.5,312000,-0.054545455,-0.0655885,1.0672
201812,28226,"charlotte, nc",1124,3726,530,1633,70.234496,60.47489123,79.99410073,79,0.187969925,12.5,-0.159574468,-15,-2,0.206896552,0.129032258,1.75,590000,-0.015025042,-0.12462908,2.0181
201812,28278,"charlotte, nc",5032,4690,687,2115,65.87088,64.94358823,66.79817123,74,0.042253521,3,-0.252525253,-25,-7,0.038461538,0.08,1.35,392452,-0.011455919,-0.065590476,1.3424
201812,28207,"charlotte, nc",9623,4880,255,-2565,64.952806,50.10692427,79.79868741,91,0.103030303,8.5,0.22972973,17,10,0.060606061,-0.3,1.75,1250000,0,0.644736842,4.2757
201812,28205,"charlotte, nc",630,5282,835,-3217,63.048448,77.14032888,48.95656662,63,0.024390244,1.5,0.166666667,9,-18,0,-0.333333333,1,360000,0.028719858,0.008403361,1.2314
201811,28262,"charlotte, nc",1328,24,255,1238,97.279012,96.26415649,98.29386675,29,-0.30952381,-13,-0.516666667,-31,-42.5,-0.155555556,-0.146067416,3.8,234000,-0.016393443,0.068493151,0.7846
201811,28213,"charlotte, nc",1585,35,76,43,96.775261,95.6831887,97.86733343,30.5,-0.102941176,-3.5,0.051724138,1.5,-41,-0.076923077,-0.142857143,3.6,229999,0.045687656,0.228299065,0.7712
201811,28212,"charlotte, nc",1702,91,-42,420,95.254817,92.22679806,98.28283571,37,0.298245614,8.5,-0.186813187,-8.5,-34.5,0.027027027,0,3.8,194499.5,-2.57E-06,-0.002566667,0.6521
201811,28215,"charlotte, nc",492,215,640,283,92.875791,91.58332108,94.16826004,38,-0.136363636,-6,-0.037974684,-1.5,-33.5,0.2,0.058823529,2.7,223445,-0.026171279,0.074706908,0.7492
201811,28214,"charlotte, nc",2030,368,134,232,90.967422,88.82923959,93.10560377,41.5,-0.023529412,-1,-0.034883721,-1.5,-30,-0.072727273,-0.019230769,2.55,252535,0.014604259,0.083864461,0.8467
201811,28269,"charlotte, nc",45,461,45,32,89.842256,91.58332108,88.10119135,38,0.055555556,2,-0.073170732,-3,-33.5,-0.045454545,-0.236363636,2.1,239999,-0.00497927,-0.040004,0.8047
201811,28216,"charlotte, nc",589,719,-130,115,87.374982,81.32445948,93.42550375,49.5,0.253164557,10,-0.01,-0.5,-22,0.130434783,-0.118644068,2.6,229890,0.007107889,0.033236702,0.7708
201811,28227,"charlotte, nc",482,761,4,982,87.009119,81.32445948,92.6937785,49.5,0.053191489,2.5,-0.201612903,-12.5,-22,-0.056603774,-0.074074074,2.5,310495,-0.028929303,-0.041682099,1.0411
201811,28206,"charlotte, nc",8412,762,779,4934,87.005442,77.89748492,96.11339903,53,-0.109243697,-6.5,-0.574297189,-71.5,-18.5,0,-0.413461538,3.05,299000,0.099264706,-0.098039216,1.0025
201811,28217,"charlotte, nc",4081,1405,-357,-1086,82.479041,65.95822915,98.99985292,64.5,0.162162162,9,0.697368421,26.5,-7,0.153846154,0.475409836,4.5,185000,-0.015957447,-0.157232991,0.6203
201811,28273,"charlotte, nc",1971,1484,-765,-1177,82.085601,84.24768348,79.92351816,46.5,0.273972603,10,0.309859155,11,-25,-0.15,-0.392857143,1.7,259950,0,0.052062845,0.8716
201811,28210,"charlotte, nc",464,1774,803,492,80.493455,80.88689513,80.10001471,50,-0.029126214,-1.5,-0.173553719,-10.5,-21.5,0.0625,-0.105263158,1.7,392000,-0.038025006,-0.154261057,1.3143
201811,28270,"charlotte, nc",2561,1901,151,835,79.616488,72.73496102,86.49801441,58,0,0,-0.121212121,-8,-13.5,-0.069767442,0.052631579,2,498000,-0.002903194,0.002012072,1.6697
201811,28209,"charlotte, nc",3826,2263,-378,-464,77.643771,75.25371378,80.0338285,55.5,0.099009901,5,-0.034782609,-2,-16,-0.081081081,-0.19047619,1.7,433057.5,-0.078601064,-0.004465517,1.452
201811,28203,"charlotte, nc",6166,2817,587,-761,74.685616,68.13134284,81.23988822,62.5,0.008064516,0.5,0.344086022,16,-9,0.029411765,0.206896552,1.75,570950,0.007144117,0.035721931,1.9143
201811,28204,"charlotte, nc",10785,3057,185,927,73.648698,62.03853508,85.2588616,68.5,-0.014388489,-1,-0.247252747,-22.5,-3,-0.093023256,-0.327586207,1.95,595000,0.096774194,0.265957447,1.995
201811,28208,"charlotte, nc",2204,3240,1800,-2066,72.867333,56.95322842,88.78143845,74,-0.129411765,-11,0.450980392,23,2.5,0.075,-0.044444444,2.15,276400,-0.02983503,0.626360694,0.9267
201811,28277,"charlotte, nc",86,3390,-96,55,72.210987,75.8457126,68.57626121,55,0.028037383,1.5,-0.160305344,-10.5,-16.5,-0.068965517,-0.1,1.35,409950,-0.014424811,-0.067182434,1.3745
201811,28202,"charlotte, nc",7277,3763,-321,332,70.433152,68.84100603,72.02529784,62,0.068965517,4,-0.023622047,-1.5,-9.5,-0.064516129,0.16,1.45,330000,-0.063564132,-0.005874379,1.1065
201811,28211,"charlotte, nc",2613,3954,-588,-623,69.550669,65.0316223,74.06971613,65.5,0.169642857,9.5,0,0,-6,0,-0.032258065,1.5,639900,-0.01735258,-0.197114178,2.1455
201811,28226,"charlotte, nc",1124,4256,-714,476,68.15892,64.0572143,72.26062656,66.5,0.156521739,9,-0.147435897,-11.5,-5,-0.033333333,0,1.45,599000,-8.34E-04,-0.084797555,2.0084
201811,28207,"charlotte, nc",9623,5135,-1420,-2887,64.075599,49.59185174,78.55934696,82.5,0.25,16.5,0.2890625,18.5,11,-0.057142857,-0.25,1.65,1250000,0.02501025,0.478852411,4.1911
201811,28278,"charlotte, nc",5032,5377,1308,245,63.033167,59.62641565,66.43991763,71,-0.053333333,-4,-0.128834356,-10.5,-0.5,0.04,0,1.3,397000,-0.007374681,-0.020960568,1.3311
201811,28205,"charlotte, nc",630,6117,-694,-3647,59.725695,69.20870716,50.24268275,61.5,0.138888889,7.5,0.217821782,11,-10,-0.047619048,-0.285714286,1,349949.5,-0.001852544,-0.026430658,1.1733
201810,28212,"charlotte, nc",1702,49,146,177,96.516318,95.02383572,98.00880088,28.5,-0.22972973,-8.5,-0.197183099,-7,-40,-0.119047619,-0.075,3.7,194500,-0.022613065,0.02665611,0.6505
201810,28213,"charlotte, nc",1585,111,67,194,94.998166,91.63182985,98.36450312,34,-0.055555556,-2,-0.116883117,-4.5,-34.5,0.026315789,-0.103448276,3.9,219950,0.09975,0.088861386,0.7356
201810,28262,"charlotte, nc",1328,279,364,621,92.10121,85.24019069,98.96222956,42,-0.086956522,-4,-0.184466019,-9.5,-26.5,0.184210526,0.034482759,4.5,237900,-0.028583095,-0.020584603,0.7957
201810,28214,"charlotte, nc",2030,502,-78,837,89.559956,84.74514118,94.37477081,42.5,0.036585366,1.5,-0.198113208,-10.5,-26,-0.126984127,0.12244898,2.75,248900,0.096475771,0.059171472,0.8324
201810,28269,"charlotte, nc",45,506,392,483,89.53062,90.23469014,88.82654932,36,-0.142857143,-6,-0.272727273,-13.5,-32.5,-0.022222222,-0.2,2.2,241200,-0.034813926,-0.03307276,0.8067
201810,28216,"charlotte, nc",589,589,-279,-379,88.749542,87.32673267,90.17235057,39.5,0.161764706,5.5,0.179104478,6,-29,-0.115384615,-0.342857143,2.3,228267.5,0.014522222,0.042341149,0.7634
201810,28273,"charlotte, nc",1971,719,788,-535,87.554089,89.66629996,85.44187752,36.5,-0.223404255,-10.5,0.140625,4.5,-32,-0.069767442,-0.411764706,2,259950,0.011478599,0.112085561,0.8694
201810,28227,"charlotte, nc",482,765,22,1358,87.158049,80.70773744,93.60836084,47,0.044444444,2,-0.25984252,-16.5,-21.5,-0.070175439,0.06,2.65,319745,-0.016169231,-0.007003106,1.0694
201810,28215,"charlotte, nc",492,855,-356,-387,86.453979,83.36633663,89.54162083,44,0.189189189,7,0.1,4,-24.5,-0.0625,-0.262295082,2.25,229450,-0.03592437,0.304063654,0.7674
201810,28217,"charlotte, nc",4081,1048,-925,-547,85.201687,72.05353869,98.34983498,55.5,0.734375,23.5,0.337349398,14,-13,0.04,0.181818182,3.9,188000,-0.048101266,0.275440977,0.6288
201810,28206,"charlotte, nc",8412,1541,-747,-1373,81.881188,67.88045471,95.88192153,59.5,0.4875,19.5,0.776119403,26,-9,0.326086957,-0.306818182,3.05,272000,-0.090301003,-0.332511242,0.9097
201810,28209,"charlotte, nc",3826,1885,866,-357,79.768977,77.13604694,82.40190686,50.5,-0.028846154,-1.5,-0.019417476,-1,-18,0.088235294,-0.119047619,1.85,470000,-0.087378641,0.088104013,1.5719
201810,28270,"charlotte, nc",2561,2052,1818,695,78.740374,69.44994499,88.03080308,58,-0.09375,-6,-0.016949153,-1,-10.5,0.228571429,0.303030303,2.15,499450,-0.047759771,9.02E-04,1.6704
201810,28210,"charlotte, nc",464,2577,350,203,75.977264,76.09094243,75.86358636,51.5,0.03,1.5,-0.134453782,-8,-17,0.032258065,-0.03030303,1.6,407495,-0.057815029,-0.022793765,1.3629
201810,28204,"charlotte, nc",10785,3242,1634,-887,72.649432,57.49908324,87.79977998,69.5,-0.097402597,-7.5,0.069230769,4.5,1,0.131578947,-0.085106383,2.15,542500,-0.013636364,0.085217043,1.8144
201810,28277,"charlotte, nc",86,3294,-556,649,72.436744,74.07774111,70.79574624,53.5,0.163043478,7.5,-0.157480315,-10,-15,-0.033333333,0.074074074,1.45,415950,0.039875,-0.038265896,1.3911
201810,28211,"charlotte, nc",2613,3366,344,212,72.112211,71.63916392,72.58525853,56,0.056603774,3,-0.111111111,-7,-12.5,0.034482759,0.034482759,1.5,651200,0.009612403,-0.150922485,2.1779
201810,28203,"charlotte, nc",6166,3404,-1282,-1785,71.938027,65.35020169,78.52585259,62,0.265306122,13,0.377777778,17,-6.5,-0.055555556,0,1.7,566900,0.090192308,0.036380256,1.896
201810,28202,"charlotte, nc",7277,3442,1500,800,71.73634,69.44994499,74.02273561,58,-0.049180328,-3,-0.100775194,-6.5,-10.5,0.107142857,0.192307692,1.55,352400,0.006857143,0.053512706,1.1786
201810,28226,"charlotte, nc",1124,3542,1028,1250,71.301797,69.9889989,72.61459479,57.5,-0.128787879,-8.5,-0.217687075,-16,-11,-0.0625,0.071428571,1.5,599500,-0.0408,-0.077692308,2.005
201810,28207,"charlotte, nc",9623,3715,664,311,70.485882,61.07077374,79.9009901,66,-0.070422535,-5,-0.195121951,-16,-2.5,-0.054054054,-0.186046512,1.75,1219500,0.025651808,0.294585987,4.0786
201810,28208,"charlotte, nc",2204,5040,-551,-4027,64.459113,43.5056839,85.41254125,85,0.133333333,10,0.888888889,40,16.5,0,-0.090909091,2,284900,-0.0339098,0.862700229,0.9528
