Market_Hotness.csv
month_date_yyyymm,postal_code,zip_name,nielsen_hh_rank,hotness_rank,hotness_rank_mm,hotness_rank_yy,hotness_score,supply_score,demand_score,median_days_on_market,median_days_on_market_mm,median_dom_mm_day,median_days_on_market_yy,median_dom_yy_day,median_dom_vs_us,ldp_unique_viewers_per_property_mm,ldp_unique_viewers_per_property_yy,ldp_unique_viewers_per_property_vs_us,median_listing_price,median_listing_price_mm,median_listing_price_yy,median_listing_price_vs_us
201804,28213,"charlotte, nc",1585,494,,,92.161582,86.01525474,98.30790877,31.5,,,,,-28,,,4.6154,226400,,,0.7599
201804,28212,"charlotte, nc",1702,570,,,91.535841,84.14543839,98.92624408,33.5,,,,,-26,,,5.4231,189999,,,0.6377
201804,28269,"charlotte, nc",45,602,,,91.211863,90.98045024,91.44327607,25.5,,,,,-34,,,2.6154,240000,,,0.8055
201804,28204,"charlotte, nc",10785,718,,,90.306576,86.50399882,94.10915284,31,,,,,-28.5,,,3.0385,372000,,,1.2485
201804,28216,"charlotte, nc",589,966,,,88.523771,80.56872038,96.47882109,37,,,,,-22.5,,,3.6538,249950,,,0.8389
201804,28273,"charlotte, nc",1971,1138,,,87.368557,80.56872038,94.16839455,37,,,,,-22.5,,,3.0385,248400,,,0.8337
201804,28214,"charlotte, nc",2030,1264,,,86.520661,78.65077014,94.39055095,39,,,,,-20.5,,,3.0769,248490,,,0.834
201804,28227,"charlotte, nc",482,1508,,,85.039618,77.98430095,92.09493483,39.5,,,,,-20,,,2.6923,360462,,,1.2098
201804,28208,"charlotte, nc",2204,1524,,,84.924837,75.46652844,94.38314573,42,,,,,-17.5,,,3.0769,163550,,,0.5489
201804,28209,"charlotte, nc",3826,1539,,,84.797097,83.2049763,86.38921801,34.5,,,,,-25,,,2.1538,517460,,,1.7367
201804,28203,"charlotte, nc",6166,1624,,,84.234301,82.12381517,86.34478673,35.5,,,,,-24,,,2.1538,578950,,,1.9431
201804,28215,"charlotte, nc",492,1693,,,83.812204,72.24526066,95.37914692,45,,,,,-14.5,,,3.3077,225000,,,0.7552
201804,28270,"charlotte, nc",2561,1815,,,83.099452,82.12381517,84.07508886,35.5,,,,,-24,,,2,494900,,,1.661
201804,28206,"charlotte, nc",8412,1840,,,82.943943,72.24526066,93.64262441,45,,,,,-14.5,,,2.9615,310000,,,1.0405
201804,28205,"charlotte, nc",630,2055,,,81.785027,90.98045024,72.58960308,25.5,,,,,-34,,,1.5,317900,,,1.067
201804,28277,"charlotte, nc",86,2860,,,77.245631,79.59123223,74.90002962,38,,,,,-21.5,,,1.5769,471000,,,1.5808
201804,28210,"charlotte, nc",464,3369,,,74.690832,70.62722156,78.75444313,46.5,,,,,-13,,,1.7308,450000,,,1.5103
201804,28207,"charlotte, nc",9623,3456,,,74.263181,65.15106635,83.37529621,51.5,,,,,-8,,,1.9615,1344750,,,4.5134
201804,28226,"charlotte, nc",1124,4158,,,70.849378,67.95393957,73.74481635,49,,,,,-10.5,,,1.5385,674500,,,2.2638
201804,28202,"charlotte, nc",7277,4750,,,67.733634,71.22334123,64.24392773,46,,,,,-13.5,,,1.2692,354700,,,1.1905
201804,28211,"charlotte, nc",2613,5220,,,65.643513,56.4721564,74.81486967,60.5,,,,,1,,,1.5769,894450,,,3.002
201804,28278,"charlotte, nc",5032,5749,,,62.929502,63.04798578,62.81101896,53.5,,,,,-6,,,1.2308,422355,,,1.4175
201803,28262,"charlotte, nc",1328,121,,,96.780338,94.2745127,99.28616341,22,,,,,-43,,,5.8519,245000,,,0.8478
201803,28214,"charlotte, nc",2030,591,,,92.234715,88.97066982,95.49876096,30,,,,,-35,,,3.2963,245000,,,0.8478
201803,28213,"charlotte, nc",1585,660,,,91.728002,85.42367866,98.03232607,35,,,,,-30,,,4.2963,210000,,,0.7266
201803,28273,"charlotte, nc",1971,729,,,91.11218,87.2027222,95.02163702,32,,,,,-33,,,3.1852,245000,,,0.8478
201803,28269,"charlotte, nc",45,732,,,91.08444,88.97066982,93.19820986,30,,,,,-35,,,2.8519,249990,,,0.865
201803,28212,"charlotte, nc",1702,756,,,90.858823,82.47586641,99.24177978,38,,,,,-27,,,5.7037,179999,,,0.6228
201803,28209,"charlotte, nc",3826,887,,,89.751082,90.74601472,88.75614898,28,,,,,-37,,,2.3333,504445,,,1.7455
201803,28215,"charlotte, nc",492,950,,,89.277657,83.39312794,95.16218515,37,,,,,-28,,,3.2222,218900,,,0.7574
201803,28208,"charlotte, nc",2204,975,,,89.120465,83.39312794,94.84780116,37,,,,,-28,,,3.1481,157700,,,0.5457
201803,28216,"charlotte, nc",589,1014,,,88.824574,81.49202944,96.15711802,39,,,,,-26,,,3.4815,239000,,,0.827
201803,28270,"charlotte, nc",2561,1410,,,86.078337,86.31504975,85.84162444,33,,,,,-32,,,2.1111,524990,,,1.8166
201803,28203,"charlotte, nc",6166,1435,,,85.889707,86.00066575,85.77874764,34,,,,,-31,,,2.1111,499900,,,1.7298
201803,28217,"charlotte, nc",4081,2220,,,81.227577,66.05762474,96.39752931,56,,,,,-9,,,3.5556,214900,,,0.7436
201803,28207,"charlotte, nc",9623,2230,,,81.142508,77.0536672,85.23134963,44,,,,,-21,,,2.0741,1299000,,,4.4948
201803,28277,"charlotte, nc",86,2295,,,80.739357,86.00066575,75.4780486,34,,,,,-31,,,1.5926,499950,,,1.7299
201803,28210,"charlotte, nc",464,2378,,,80.232644,78.27791545,82.18737286,43,,,,,-22,,,1.8889,479510,,,1.6592
201803,28205,"charlotte, nc",630,2484,,,79.417095,83.39312794,75.44106225,37,,,,,-28,,,1.5926,329900,,,1.1415
201803,28204,"charlotte, nc",10785,3055,,,76.454488,61.21611125,91.69286533,61,,,,,-4,,,2.6667,310000,,,1.0727
201803,28227,"charlotte, nc",482,3211,,,75.533528,58.66405296,92.40300329,65,,,,,0,,,2.7407,365500,,,1.2647
201803,28226,"charlotte, nc",1124,3880,,,72.315716,69.16817694,75.46325406,52,,,,,-13,,,1.5926,674000,,,2.3322
201803,28211,"charlotte, nc",2613,4117,,,71.158043,64.98132189,77.33476347,57,,,,,-8,,,1.6667,850000,,,2.9412
201803,28206,"charlotte, nc",8412,4150,,,70.984207,45.6078707,96.36054296,91,,,,,26,,,3.5556,310000,,,1.0727
201803,28202,"charlotte, nc",7277,5453,,,64.761253,70.18900026,59.33350594,51,,,,,-14,,,1.1481,354900,,,1.228
201803,28278,"charlotte, nc",5032,5984,,,62.146318,58.66405296,65.62858305,65,,,,,0,,,1.2963,422999,,,1.4637
201802,28209,"charlotte, nc",3826,281,,,95.346244,96.96316396,93.72932387,16.5,,,,,-68.5,,,3,480725,,,1.7339
201802,28213,"charlotte, nc",1585,323,,,94.781251,90.6069955,98.95550682,32.5,,,,,-52.5,,,5.3846,215000,,,0.7755
201802,28262,"charlotte, nc",1328,354,,,94.472735,89.53648292,99.40898785,34.5,,,,,-50.5,,,6.3846,209900,,,0.7571
201802,28212,"charlotte, nc",1702,401,,,93.987659,89.53648292,98.43883582,34.5,,,,,-50.5,,,4.8077,208875,,,0.7534
201802,28217,"charlotte, nc",4081,420,,,93.799948,92.55101662,95.04887931,28.5,,,,,-56.5,,,3.2692,230900,,,0.8328
201802,28269,"charlotte, nc",45,487,,,93.099283,90.6069955,95.59156971,32.5,,,,,-52.5,,,3.3846,226490,,,0.8169
201802,28216,"charlotte, nc",589,623,,,91.82619,87.64450061,96.00788016,38,,,,,-47,,,3.5,242445,,,0.8745
201802,28215,"charlotte, nc",492,1044,,,88.584916,81.15823514,96.01159722,50,,,,,-35,,,3.5,219900,,,0.7931
201802,28208,"charlotte, nc",2204,1118,,,88.127718,80.15834665,96.09708954,52,,,,,-33,,,3.5385,152500,,,0.55
201802,28273,"charlotte, nc",1971,1305,,,86.79887,80.37021893,93.22752109,51.5,,,,,-33.5,,,2.9231,244950,,,0.8835
201802,28207,"charlotte, nc",9623,1517,,,85.325057,80.37021893,90.27989444,51.5,,,,,-33.5,,,2.5385,1295000,,,4.6709
201802,28204,"charlotte, nc",10785,1539,,,85.211686,75.59379995,94.82957291,60,,,,,-25,,,3.2308,472450,,,1.7041
201802,28270,"charlotte, nc",2561,1713,,,84.148608,78.68639185,89.61082407,54.5,,,,,-30.5,,,2.4615,492000,,,1.7746
201802,28214,"charlotte, nc",2030,1714,,,84.144891,72.17782403,96.11195777,65,,,,,-20,,,3.5385,243990,,,0.88
201802,28277,"charlotte, nc",86,1934,,,82.862506,83.64866372,82.07634836,45.5,,,,,-39.5,,,1.9231,487450,,,1.7582
201802,28206,"charlotte, nc",8412,2136,,,81.604282,66.45727242,96.75129168,73.5,,,,,-11.5,,,3.7692,250000,,,0.9017
201802,28227,"charlotte, nc",482,2712,,,78.177155,62.41683084,93.93747909,79.5,,,,,-5.5,,,3.0385,348966,,,1.2587
201802,28210,"charlotte, nc",464,2725,,,78.106531,69.7803219,86.43273984,68.5,,,,,-16.5,,,2.1923,470500,,,1.697
201802,28205,"charlotte, nc",630,3132,,,76.008252,73.11452254,78.90198119,63.5,,,,,-21.5,,,1.7692,349900,,,1.262
201802,28202,"charlotte, nc",7277,4261,,,70.272832,70.85083448,69.69482957,67,,,,,-18,,,1.4231,354000,,,1.2768
201802,28211,"charlotte, nc",2613,4439,,,69.337992,58.87819202,79.79779207,85,,,,,0,,,1.8077,899000,,,3.2426
201802,28226,"charlotte, nc",1124,5252,,,65.52615,48.30688027,82.74541873,101,,,,,16,,,1.9615,689900,,,2.4884
201802,28203,"charlotte, nc",6166,5297,,,65.31056,47.96119392,82.6599264,101.5,,,,,16.5,,,1.9615,514450,,,1.8555
201802,28278,"charlotte, nc",5032,6400,,,60.065792,53.06843103,67.06315281,94,,,,,9,,,1.3462,427687,,,1.5426
201801,28217,"charlotte, nc",4081,163,,,97.006957,95.79225418,98.22166003,32,,,,,-58.5,,,4.6,180000,,,0.6625
201801,28213,"charlotte, nc",1585,242,,,96.032218,93.07637933,98.98805759,41,,,,,-49.5,,,5.4,227400,,,0.8369
201801,28212,"charlotte, nc",1702,247,,,95.976413,93.58979129,98.36303434,39.5,,,,,-51,,,4.72,204950,,,0.7543
201801,28206,"charlotte, nc",8412,406,,,94.205514,91.30175974,97.10926746,45.5,,,,,-45,,,3.96,310000,,,1.1409
201801,28269,"charlotte, nc",45,470,,,93.563749,90.17820603,96.94929127,48,,,,,-42.5,,,3.88,240000,,,0.8833
201801,28216,"charlotte, nc",589,525,,,93.042896,88.20640649,97.87938539,52,,,,,-38.5,,,4.36,234995,,,0.8649
201801,28262,"charlotte, nc",1328,609,,,92.265337,84.98456044,99.54611407,58,,,,,-32.5,,,6.76,229200,,,0.8436
201801,28215,"charlotte, nc",492,908,,,89.796867,84.09167008,95.50206481,59.5,,,,,-31,,,3.36,226750,,,0.8345
201801,28273,"charlotte, nc",1971,909,,,89.791287,86.97496187,92.60761189,54.5,,,,,-36,,,2.8,240094.5,,,0.8837
201801,28209,"charlotte, nc",3826,1044,,,88.771904,83.10204993,94.44175751,61,,,,,-29.5,,,3.12,449950,,,1.656
201801,28214,"charlotte, nc",2030,1135,,,88.124558,80.75077198,95.49834443,64,,,,,-26.5,,,3.36,244990,,,0.9017
201801,28227,"charlotte, nc",482,1298,,,87.030768,79.21425648,94.84727854,66,,,,,-24.5,,,3.2,337445,,,1.242
201801,28208,"charlotte, nc",2204,1504,,,85.661669,75.20369061,96.11964731,70.5,,,,,-20,,,3.56,155000,,,0.5705
201801,28270,"charlotte, nc",2561,1844,,,83.345735,74.28475762,92.40671156,71.5,,,,,-19,,,2.76,487000,,,1.7924
201801,28207,"charlotte, nc",9623,2136,,,81.334871,68.04568622,94.62405595,78.5,,,,,-12,,,3.16,984000,,,3.6216
201801,28277,"charlotte, nc",86,2465,,,79.307266,73.91271997,84.70181182,72,,,,,-18.5,,,2.04,482450,,,1.7756
201801,28205,"charlotte, nc",630,2611,,,78.514826,78.76037055,78.26928085,66.5,,,,,-24,,,1.72,325000,,,1.1962
201801,28204,"charlotte, nc",10785,2763,,,77.623796,61.50898471,93.73860635,86,,,,,-4.5,,,3,442450,,,1.6284
201801,28210,"charlotte, nc",464,2903,,,76.965289,68.04568622,85.88489155,78.5,,,,,-12,,,2.12,467425,,,1.7203
201801,28202,"charlotte, nc",7277,3454,,,74.052234,73.91271997,74.1917482,72,,,,,-18.5,,,1.56,342450,,,1.2604
201801,28203,"charlotte, nc",6166,3957,,,71.522378,55.61590833,87.4288478,92.5,,,,,2,,,2.24,564216.5,,,2.0766
201801,28211,"charlotte, nc",2613,3960,,,71.507497,59.76040775,83.25458536,88,,,,,-2.5,,,1.96,837000,,,3.0806
201801,28226,"charlotte, nc",1124,5267,,,65.078686,43.17124893,86.986123,109.5,,,,,19,,,2.2,696950,,,2.5651
201801,28278,"charlotte, nc",5032,6033,,,61.393653,48.50254846,74.28475762,102,,,,,11.5,,,1.56,425000,,,1.5642
201712,28213,"charlotte, nc",1585,116,,,97.030106,94.66306679,99.39714476,38,,,,,-47,,,6.2222,185000,,,0.683
201712,28262,"charlotte, nc",1328,179,,,96.307049,93.66817072,98.94592795,40,,,,,-45,,,5.2222,214900,,,0.7934
201712,28212,"charlotte, nc",1702,290,,,94.934906,91.27524225,98.5945706,45,,,,,-40,,,4.7778,217900,,,0.8045
201712,28273,"charlotte, nc",1971,317,,,94.639027,94.66306679,94.61498632,38,,,,,-47,,,3.0556,262172,,,0.968
201712,28217,"charlotte, nc",4081,344,,,94.280272,91.83001701,96.73052741,44,,,,,-41,,,3.6667,189900,,,0.7011
201712,28269,"charlotte, nc",45,435,,,93.538723,91.27524225,95.80220431,45,,,,,-40,,,3.3333,248500,,,0.9175
201712,28206,"charlotte, nc",8412,490,,,92.995044,87.59523633,98.39485169,51,,,,,-34,,,4.6111,310000,,,1.1446
201712,28214,"charlotte, nc",2030,788,,,90.112065,84.884237,95.339892,55,,,,,-30,,,3.2222,239900,,,0.8857
201712,28215,"charlotte, nc",492,845,,,89.714476,85.13573489,94.29321695,54,,,,,-31,,,3,212900,,,0.786
201712,28227,"charlotte, nc",482,919,,,89.093128,83.29758118,94.8886752,57,,,,,-28,,,3.1111,320000,,,1.1815
201712,28216,"charlotte, nc",589,974,,,88.699238,80.33508396,97.06339226,60,,,,,-25,,,3.7778,224900,,,0.8304
201712,28208,"charlotte, nc",2204,1084,,,87.824543,82.31378061,93.33530587,58,,,,,-27,,,2.8333,158900,,,0.5867
201712,28270,"charlotte, nc",2561,1543,,,84.549523,78.26392485,90.83512094,63,,,,,-22,,,2.5,485000,,,1.7907
201712,28209,"charlotte, nc",3826,1548,,,84.536578,78.26392485,90.80923145,63,,,,,-22,,,2.5,419900,,,1.5503
201712,28205,"charlotte, nc",630,2065,,,81.315186,85.13573489,77.49463718,54,,,,,-31,,,1.6667,357000,,,1.3181
201712,28207,"charlotte, nc",9623,2315,,,79.920852,66.88734374,92.95436053,74,,,,,-11,,,2.7778,760000,,,2.806
201712,28210,"charlotte, nc",464,2444,,,79.264369,72.31304091,86.21569643,69,,,,,-16,,,2.1111,490000,,,1.8091
201712,28277,"charlotte, nc",86,2670,,,77.921814,68.05606924,87.78755825,73,,,,,-12,,,2.2222,474000,,,1.7501
201712,28203,"charlotte, nc",6166,2769,,,77.354094,70.38982173,84.31836674,71,,,,,-14,,,2,499900,,,1.8457
201712,28204,"charlotte, nc",10785,3332,,,74.362009,53.0216732,95.70234485,90,,,,,5,,,3.3333,445000,,,1.643
201712,28202,"charlotte, nc",7277,3829,,,71.832236,72.64220726,71.02226496,68,,,,,-17,,,1.4444,333900,,,1.2328
201712,28211,"charlotte, nc",2613,4184,,,69.866484,58.3770989,81.35586952,84,,,,,-1,,,1.8333,819999,,,3.0275
201712,28226,"charlotte, nc",1124,5359,,,64.192988,49.51179821,78.87417708,94,,,,,9,,,1.7222,674000,,,2.4885
201712,28278,"charlotte, nc",5032,6805,,,57.596716,46.00932022,69.18411125,99,,,,,14,,,1.3889,420000,,,1.5507
201711,28213,"charlotte, nc",1585,78,,,97.420628,95.98805266,98.85320255,29,,,,,-48.5,,,4.6667,187250,,,0.6809
201711,28273,"charlotte, nc",1971,307,,,94.420886,93.22983886,95.61193259,35.5,,,,,-42,,,3.1111,247086,,,0.8985
201711,28217,"charlotte, nc",4081,319,,,94.242044,91.89129393,96.59279472,38,,,,,-39.5,,,3.3889,219515,,,0.7982
201711,28269,"charlotte, nc",45,493,,,92.661971,89.93325713,95.3906855,41,,,,,-36.5,,,3.0556,250000,,,0.9091
201711,28215,"charlotte, nc",492,498,,,92.625097,90.95468122,94.29551237,39.5,,,,,-38,,,2.8333,207912.5,,,0.756
201711,28212,"charlotte, nc",1702,511,,,92.536598,86.67723736,98.39595855,45.5,,,,,-32,,,4.2222,195000,,,0.7091
201711,28214,"charlotte, nc",2030,600,,,91.631329,88.64264907,94.62000811,43,,,,,-34.5,,,2.8889,232995,,,0.8473
201711,28216,"charlotte, nc",589,834,,,89.625355,82.93078653,96.3199233,50,,,,,-27.5,,,3.2778,222495,,,0.8091
201711,28208,"charlotte, nc",2204,1174,,,87.007264,82.06054796,91.9539806,51,,,,,-26.5,,,2.5,169950,,,0.618
201711,28262,"charlotte, nc",1328,1262,,,86.481802,73.89284266,99.0707622,60,,,,,-17.5,,,4.9444,219000,,,0.7964
201711,28227,"charlotte, nc",482,1743,,,83.504185,71.87949408,95.12887643,62,,,,,-15.5,,,3,324000,,,1.1782
201711,28209,"charlotte, nc",3826,1799,,,83.190752,76.00575242,90.37575132,57.5,,,,,-20,,,2.3333,435000,,,1.5818
201711,28203,"charlotte, nc",6166,2056,,,81.649397,85.85493565,77.44385855,46.5,,,,,-31,,,1.6111,551258,,,2.0046
201711,28207,"charlotte, nc",9623,2248,,,80.556068,69.71127254,91.40086286,64,,,,,-13.5,,,2.4444,845250,,,3.0736
201711,28210,"charlotte, nc",464,2266,,,80.449132,73.29916295,87.59910026,60.5,,,,,-17,,,2.1111,463500,,,1.6855
201711,28205,"charlotte, nc",630,2470,,,79.211992,82.40348095,76.02050223,50.5,,,,,-27,,,1.5556,359450,,,1.3071
201711,28270,"charlotte, nc",2561,2736,,,77.657731,67.73848593,87.57697555,66,,,,,-11.5,,,2.1111,497000,,,1.8073
201711,28211,"charlotte, nc",2613,3331,,,74.265275,68.15516796,80.37538257,65.5,,,,,-12,,,1.7222,797000,,,2.8982
201711,28277,"charlotte, nc",86,3445,,,73.625502,68.15516796,79.09583687,65.5,,,,,-12,,,1.6667,439475,,,1.5981
201711,28204,"charlotte, nc",10785,3984,,,70.988975,45.94564696,96.03230208,91,,,,,13.5,,,3.2222,470000,,,1.7091
201711,28202,"charlotte, nc",7277,4095,,,70.38792,70.20539105,70.57044876,63.5,,,,,-14,,,1.3889,331950,,,1.2071
201711,28226,"charlotte, nc",1124,4732,,,67.185368,56.70931819,77.66141819,78,,,,,0.5,,,1.6111,654500,,,2.38
201711,28278,"charlotte, nc",5032,5622,,,63.103359,53.60817139,72.59854714,81.5,,,,,4,,,1.4444,405499.5,,,1.4745
201711,28206,"charlotte, nc",8412,5696,,,62.771489,26.09978244,99.44319481,124.5,,,,,47,,,5.7778,331500,,,1.2055
201710,28206,"charlotte, nc",8412,168,,,95.749055,92.49293345,99.00517602,33.5,,,,,-41,,,4.8889,407497.5,,,1.4671
201710,28273,"charlotte, nc",1971,184,,,95.578356,93.38864212,97.76807019,32,,,,,-42.5,,,3.7778,233750,,,0.8416
201710,28216,"charlotte, nc",589,210,,,95.231453,92.49293345,97.96997173,33.5,,,,,-41,,,3.8889,218995,,,0.7884
201710,28212,"charlotte, nc",1702,226,,,94.968981,91.25949855,98.67846261,35.5,,,,,-39,,,4.4444,189450,,,0.6821
201710,28213,"charlotte, nc",1585,305,,,94.14302,89.30655996,98.97947946,38.5,,,,,-36,,,4.8333,202000,,,0.7272
201710,28215,"charlotte, nc",492,468,,,92.581036,88.30072317,96.8613487,40,,,,,-34.5,,,3.3889,175950,,,0.6335
201710,28217,"charlotte, nc",4081,501,,,92.267171,87.06728828,97.46705334,41.5,,,,,-33,,,3.6667,147400,,,0.5307
201710,28262,"charlotte, nc",1328,900,,,88.902757,78.82236335,98.9831504,51.5,,,,,-23,,,4.8333,242900,,,0.8745
201710,28269,"charlotte, nc",45,989,,,88.133696,80.62112257,95.64626849,49.5,,,,,-25,,,3.0556,249450,,,0.8981
201710,28208,"charlotte, nc",2204,1013,,,87.968503,84.42788444,91.50912228,45,,,,,-29.5,,,2.4444,152950,,,0.5507
201710,28214,"charlotte, nc",2030,1339,,,85.745751,77.68070188,93.8107999,53,,,,,-21.5,,,2.7222,234995,,,0.846
201710,28209,"charlotte, nc",3826,1528,,,84.58757,78.82236335,90.35277706,51.5,,,,,-23,,,2.3333,431944,,,1.5551
201710,28203,"charlotte, nc",6166,1619,,,83.985537,84.42788444,83.54318858,45,,,,,-29.5,,,1.8889,547000,,,1.9693
201710,28205,"charlotte, nc",630,1821,,,82.693367,88.30072317,77.08601006,40,,,,,-34.5,,,1.6111,374950,,,1.3499
201710,28227,"charlotte, nc",482,2123,,,80.92581,67.68841085,94.16320987,63.5,,,,,-11,,,2.7778,322000,,,1.1593
201710,28204,"charlotte, nc",10785,2355,,,79.5125,66.22370691,92.80129217,65,,,,,-9.5,,,2.6111,499900,,,1.7998
