Market_Hotness.csv
month_date_yyyymm,postal_code,zip_name,nielsen_hh_rank,hotness_rank,hotness_rank_mm,hotness_rank_yy,hotness_score,supply_score,demand_score,median_days_on_market,median_days_on_market_mm,median_dom_mm_day,median_days_on_market_yy,median_dom_yy_day,median_dom_vs_us,ldp_unique_viewers_per_property_mm,ldp_unique_viewers_per_property_yy,ldp_unique_viewers_per_property_vs_us,median_listing_price,median_listing_price_mm,median_listing_price_yy,median_listing_price_vs_us
201710,28270,"charlotte, nc",2561,2747,,,77.355824,72.15961235,82.55203553,59,,,,,-15.5,,,1.8333,499000,,,1.7965
201710,28210,"charlotte, nc",464,2780,,,77.111707,71.61631364,82.60709959,59.5,,,,,-15,,,1.8333,417000,,,1.5013
201710,28211,"charlotte, nc",2613,3578,,,72.690063,68.29778642,77.08233912,63,,,,,-11.5,,,1.6111,766950,,,2.7612
201710,28277,"charlotte, nc",86,3943,,,70.79953,67.68841085,73.91064939,63.5,,,,,-11,,,1.5,432500,,,1.5571
201710,28207,"charlotte, nc",9623,4026,,,70.364524,49.81094673,90.91810139,82,,,,,7.5,,,2.3889,942000,,,3.3914
201710,28202,"charlotte, nc",7277,4242,,,69.248559,66.57611688,71.92100143,64.5,,,,,-10,,,1.4444,334500,,,1.2043
201710,28226,"charlotte, nc",1124,4792,,,66.655042,57.68143607,75.62864799,73.5,,,,,-1,,,1.5556,650000,,,2.3401
201710,28278,"charlotte, nc",5032,5679,,,62.369223,54.53177196,70.20667376,76.5,,,,,2,,,1.3889,405250,,,1.459
201709,28213,"charlotte, nc",1585,98,,,96.522057,94.12044664,98.92366831,29,,,,,-42,,,4.6471,215000,,,0.7733
201709,28212,"charlotte, nc",1702,253,,,94.671426,90.93904448,98.40380743,35,,,,,-36,,,4.2353,170000,,,0.6115
201709,28273,"charlotte, nc",1971,302,,,93.990481,89.96888157,98.01208127,36,,,,,-35,,,4,225000,,,0.8093
201709,28215,"charlotte, nc",492,356,,,93.576789,90.93904448,96.21453414,35,,,,,-36,,,3.2941,184900,,,0.6651
201709,28208,"charlotte, nc",2204,366,,,93.476112,90.93904448,96.01317957,35,,,,,-36,,,3.2353,144950,,,0.5214
201709,28262,"charlotte, nc",1328,471,,,92.396119,86.19805967,98.59417902,41,,,,,-30,,,4.3529,235000,,,0.8453
201709,28217,"charlotte, nc",4081,473,,,92.383306,86.19805967,98.56855208,41,,,,,-30,,,4.3529,170000,,,0.6115
201709,28216,"charlotte, nc",589,662,,,90.671792,83.32418085,98.01940326,44,,,,,-27,,,4,214990,,,0.7733
201709,28269,"charlotte, nc",45,986,,,88.270181,83.32418085,93.21618159,44,,,,,-27,,,2.7059,245000,,,0.8812
201709,28209,"charlotte, nc",3826,1157,,,87.01263,82.26981512,91.75544573,45,,,,,-26,,,2.5294,450250,,,1.6195
201709,28203,"charlotte, nc",6166,1318,,,85.927146,83.32418085,88.53011166,44,,,,,-27,,,2.2353,575000,,,2.0682
201709,28205,"charlotte, nc",630,1373,,,85.597657,90.93904448,80.25626945,35,,,,,-36,,,1.7647,365900,,,1.3161
201709,28214,"charlotte, nc",2030,1420,,,85.403624,75.56653853,95.24071023,52,,,,,-19,,,3.0588,206990,,,0.7445
201709,28204,"charlotte, nc",10785,1588,,,84.255903,74.31814022,94.19366648,53,,,,,-18,,,2.8824,499000,,,1.7949
201709,28206,"charlotte, nc",8412,1677,,,83.657331,69.34285191,97.97181036,58,,,,,-13,,,4,349000,,,1.2553
201709,28210,"charlotte, nc",464,2298,,,79.826103,78.0450302,81.60717554,50,,,,,-21,,,1.8235,435000,,,1.5647
201709,28270,"charlotte, nc",2561,2517,,,78.398316,78.0450302,78.75160168,50,,,,,-21,,,1.7059,495000,,,1.7805
201709,28227,"charlotte, nc",482,2569,,,78.189639,61.74263225,94.63664653,65,,,,,-6,,,2.9412,334900,,,1.2046
201709,28277,"charlotte, nc",86,3125,,,75.059491,74.31814022,75.80084203,53,,,,,-18,,,1.5882,419000,,,1.5071
201709,28226,"charlotte, nc",1124,3908,,,70.895113,63.00567454,78.78455061,64,,,,,-7,,,1.7059,645000,,,2.32
201709,28207,"charlotte, nc",9623,4364,,,68.552078,49.48563061,87.61852462,78,,,,,7,,,2.1765,1065000,,,3.8307
201709,28278,"charlotte, nc",5032,4906,,,65.853926,59.49478309,72.21306974,67,,,,,-4,,,1.4706,409999,,,1.4747
201709,28202,"charlotte, nc",7277,4937,,,65.764232,61.74263225,69.78583196,65,,,,,-6,,,1.4118,339000,,,1.2194
201709,28211,"charlotte, nc",2613,5891,,,61.096467,44.81420465,77.37872964,84,,,,,13,,,1.6471,719000,,,2.5862
201708,28212,"charlotte, nc",1702,58,,,97.247925,95.67452449,98.82132628,23.5,,,,,-43,,,4.5,151250,,,0.5421
201708,28215,"charlotte, nc",492,260,,,94.673937,92.45428508,96.8935889,29.5,,,,,-37,,,3.3889,184950,,,0.6629
201708,28262,"charlotte, nc",1328,301,,,94.26085,90.20342219,98.31827862,33,,,,,-33.5,,,4.0556,282200,,,1.0115
201708,28273,"charlotte, nc",1971,367,,,93.649482,91.59506499,95.70389954,31,,,,,-35.5,,,3.0556,231000,,,0.828
201708,28217,"charlotte, nc",4081,402,,,93.306161,88.65388852,97.95843431,35,,,,,-31.5,,,3.8333,230750,,,0.8271
201708,28213,"charlotte, nc",1585,584,,,91.675846,84.31739737,99.03429537,40,,,,,-26.5,,,4.7778,192500,,,0.69
201708,28216,"charlotte, nc",589,596,,,91.600573,85.22068003,97.98046559,39,,,,,-27.5,,,3.8333,209995,,,0.7527
201708,28214,"charlotte, nc",2030,649,,,91.196666,90.20342219,92.18990967,33,,,,,-33.5,,,2.5,200990,,,0.7204
201708,28206,"charlotte, nc",8412,691,,,90.803775,82.90005141,98.70749798,41.5,,,,,-25,,,4.3889,262450,,,0.9407
201708,28269,"charlotte, nc",45,959,,,88.668576,84.6735698,92.66358229,39.5,,,,,-27,,,2.5556,246950,,,0.8851
201708,28204,"charlotte, nc",10785,982,,,88.501505,82.52184769,94.48116325,42,,,,,-24.5,,,2.8333,549900,,,1.971
201708,28209,"charlotte, nc",3826,1481,,,84.947125,79.279577,90.61467284,45.5,,,,,-21,,,2.3333,482499.5,,,1.7294
201708,28205,"charlotte, nc",630,1484,,,84.90857,82.0628626,87.75427774,42.5,,,,,-24,,,2.1111,370000,,,1.3262
201708,28208,"charlotte, nc",2204,1598,,,84.207241,72.07167511,96.34280679,52.5,,,,,-14,,,3.2222,160395,,,0.5749
201708,28203,"charlotte, nc",6166,2161,,,80.878681,76.77168246,84.98567967,48,,,,,-18.5,,,1.9444,578641.5,,,2.074
201708,28227,"charlotte, nc",482,2190,,,80.774032,67.68377763,93.86428729,56.5,,,,,-10,,,2.7222,339452.5,,,1.2167
201708,28210,"charlotte, nc",464,2381,,,79.556804,73.04472351,86.06888448,51.5,,,,,-15,,,2,423450,,,1.5177
201708,28270,"charlotte, nc",2561,2618,,,78.181685,74.69339796,81.66997136,50,,,,,-16.5,,,1.7778,499000,,,1.7885
201708,28277,"charlotte, nc",86,2702,,,77.816333,77.79980906,77.83285599,47,,,,,-19.5,,,1.6111,437450,,,1.5679
201708,28202,"charlotte, nc",7277,4660,,,67.577293,68.8147169,66.33986928,55.5,,,,,-11,,,1.2778,330000,,,1.1828
201708,28278,"charlotte, nc",5032,4818,,,66.93655,61.08907983,72.78401998,62.5,,,,,-4,,,1.4444,421555,,,1.5109
201708,28207,"charlotte, nc",9623,4998,,,66.196666,45.6341338,86.75919806,78,,,,,11.5,,,2.0556,1100000,,,3.9427
201708,28226,"charlotte, nc",1124,5030,,,66.022252,50.31945362,81.72504957,73,,,,,6.5,,,1.7778,611800,,,2.1928
201708,28211,"charlotte, nc",2613,6340,,,59.73232,40.2585004,79.20613938,84.5,,,,,18,,,1.6667,782000,,,2.8029
